2025-07-12 00:19:23.656 [main] [traceId:] [userId:] WARN  com.alibaba.nacos.client.logging.NacosLogging - Load Logback Configuration of Nacos fail, message: Could not initialize Logback Nacos logging from classpath:nacos-logback.xml
2025-07-12 00:19:23.735 [main] [traceId:] [userId:] WARN  com.alibaba.nacos.client.logging.NacosLogging - Load Logback Configuration of Nacos fail, message: Could not initialize Logback Nacos logging from classpath:nacos-logback.xml
2025-07-12 00:19:23.961 [main] [traceId:] [userId:] WARN  com.alibaba.nacos.client.logging.NacosLogging - Load Logback Configuration of Nacos fail, message: Could not initialize Logback Nacos logging from classpath:nacos-logback.xml
2025-07-12 00:19:23.963 [main] [traceId:] [userId:] INFO  com.alibaba.nacos.client.utils.ParamUtil - [settings] [req-serv] nacos-server port:8848
2025-07-12 00:19:23.963 [main] [traceId:] [userId:] INFO  com.alibaba.nacos.client.utils.ParamUtil - [settings] [http-client] connect timeout:1000
2025-07-12 00:19:23.965 [main] [traceId:] [userId:] INFO  com.alibaba.nacos.client.utils.ParamUtil - PER_TASK_CONFIG_SIZE: 3000.0
2025-07-12 00:19:23.992 [main] [traceId:] [userId:] INFO  c.a.n.p.auth.spi.client.ClientAuthPluginManager - [ClientAuthPluginManager] Load ClientAuthService com.alibaba.nacos.client.auth.impl.NacosClientAuthServiceImpl success.
2025-07-12 00:19:23.993 [main] [traceId:] [userId:] INFO  c.a.n.p.auth.spi.client.ClientAuthPluginManager - [ClientAuthPluginManager] Load ClientAuthService com.alibaba.nacos.client.auth.ram.RamClientAuthServiceImpl success.
2025-07-12 00:19:23.995 [main] [traceId:] [userId:] INFO  c.a.n.client.auth.ram.identify.CredentialWatcher - null No credential found
2025-07-12 00:19:25.142 [main] [traceId:] [userId:] WARN  com.alibaba.nacos.client.logging.NacosLogging - Load Logback Configuration of Nacos fail, message: Could not initialize Logback Nacos logging from classpath:nacos-logback.xml
2025-07-12 00:19:25.164 [main] [traceId:] [userId:] INFO  c.a.n.client.config.impl.LocalConfigInfoProcessor - LOCAL_SNAPSHOT_PATH:C:\Users\Administrator\nacos\config
2025-07-12 00:19:25.168 [main] [traceId:] [userId:] INFO  com.alibaba.nacos.common.remote.client - [RpcClientFactory] create a new rpc client of b781cea3-d760-48c3-8d08-b24766033e23_config-0
2025-07-12 00:19:25.185 [main] [traceId:] [userId:] INFO  com.alibaba.nacos.common.remote.client - [b781cea3-d760-48c3-8d08-b24766033e23_config-0] Register server push request handler:com.alibaba.nacos.client.config.impl.ClientWorker$ConfigRpcTransportClient$$Lambda/0x0000029b2b4978d8
2025-07-12 00:19:25.186 [main] [traceId:] [userId:] INFO  com.alibaba.nacos.common.remote.client - [b781cea3-d760-48c3-8d08-b24766033e23_config-0] Register server push request handler:com.alibaba.nacos.client.config.impl.ClientWorker$ConfigRpcTransportClient$$Lambda/0x0000029b2b497ce8
2025-07-12 00:19:25.186 [main] [traceId:] [userId:] INFO  com.alibaba.nacos.common.remote.client - [b781cea3-d760-48c3-8d08-b24766033e23_config-0] Registry connection listener to current client:com.alibaba.nacos.client.config.impl.ClientWorker$ConfigRpcTransportClient$1
2025-07-12 00:19:25.187 [main] [traceId:] [userId:] INFO  com.alibaba.nacos.common.remote.client - [b781cea3-d760-48c3-8d08-b24766033e23_config-0] RpcClient init, ServerListFactory = com.alibaba.nacos.client.config.impl.ClientWorker$ConfigRpcTransportClient$2
2025-07-12 00:19:25.195 [main] [traceId:] [userId:] INFO  com.alibaba.nacos.common.remote.client - [b781cea3-d760-48c3-8d08-b24766033e23_config-0] Try to connect to server on start up, server: {serverIp = '8.133.246.113', server main port = 8848}
2025-07-12 00:19:25.229 [main] [traceId:] [userId:] INFO  c.a.nacos.common.remote.client.grpc.GrpcClient - grpc client connection server:8.133.246.113 ip,serverPort:9848,grpcTslConfig:{"sslProvider":"OPENSSL","enableTls":false,"mutualAuthEnable":false,"trustAll":false}
2025-07-12 00:19:25.897 [main] [traceId:] [userId:] INFO  com.alibaba.nacos.common.remote.client - [b781cea3-d760-48c3-8d08-b24766033e23_config-0] Success to connect to server [8.133.246.113:8848] on start up, connectionId = 1752250765934_139.226.176.198_11871
2025-07-12 00:19:25.898 [com.alibaba.nacos.client.remote.worker] [traceId:] [userId:] INFO  com.alibaba.nacos.common.remote.client - [b781cea3-d760-48c3-8d08-b24766033e23_config-0] Notify connected event to listeners.
2025-07-12 00:19:25.898 [com.alibaba.nacos.client.remote.worker] [traceId:] [userId:] INFO  com.alibaba.nacos.client.config.impl.ClientWorker - [b781cea3-d760-48c3-8d08-b24766033e23_config-0] Connected,notify listen context...
2025-07-12 00:19:25.898 [main] [traceId:] [userId:] INFO  com.alibaba.nacos.common.remote.client - [b781cea3-d760-48c3-8d08-b24766033e23_config-0] Register server push request handler:com.alibaba.nacos.common.remote.client.RpcClient$ConnectResetRequestHandler
2025-07-12 00:19:25.908 [main] [traceId:] [userId:] INFO  com.alibaba.nacos.common.remote.client - [b781cea3-d760-48c3-8d08-b24766033e23_config-0] Register server push request handler:com.alibaba.nacos.common.remote.client.RpcClient$$Lambda/0x0000029b2b5d6e20
2025-07-12 00:19:25.966 [main] [traceId:] [userId:] INFO  com.alibaba.nacos.client.config.impl.Limiter - limitTime:5.0
2025-07-12 00:19:26.004 [main] [traceId:] [userId:] WARN  c.a.cloud.nacos.client.NacosPropertySourceBuilder - Ignore the empty nacos configuration and get it based on dataId[common-dev.yaml] & group[DEFAULT_GROUP]
2025-07-12 00:19:26.017 [main] [traceId:] [userId:] WARN  c.a.cloud.nacos.client.NacosPropertySourceBuilder - Ignore the empty nacos configuration and get it based on dataId[bgtech-ai] & group[DEFAULT_GROUP]
2025-07-12 00:19:26.045 [main] [traceId:] [userId:] WARN  c.a.cloud.nacos.client.NacosPropertySourceBuilder - Ignore the empty nacos configuration and get it based on dataId[bgtech-ai.yaml] & group[DEFAULT_GROUP]
2025-07-12 00:19:26.069 [main] [traceId:] [userId:] INFO  com.alibaba.nacos.client.config.utils.JvmUtil - isMultiInstance:false
2025-07-12 00:19:26.089 [main] [traceId:] [userId:] INFO  o.s.c.b.c.PropertySourceBootstrapConfiguration - Located property source: [BootstrapPropertySource {name='bootstrapProperties-bgtech-ai-dev.yaml,DEFAULT_GROUP'}, BootstrapPropertySource {name='bootstrapProperties-bgtech-ai.yaml,DEFAULT_GROUP'}, BootstrapPropertySource {name='bootstrapProperties-bgtech-ai,DEFAULT_GROUP'}, BootstrapPropertySource {name='bootstrapProperties-common-dev.yaml,DEFAULT_GROUP'}]
