2025-06-24 23:07:49.955 [main] [traceId:] [userId:] WARN  com.alibaba.nacos.client.logging.NacosLogging - Load Logback Configuration of Nacos fail, message: Could not initialize Logback Nacos logging from classpath:nacos-logback.xml
2025-06-24 23:07:50.018 [main] [traceId:] [userId:] WARN  com.alibaba.nacos.client.logging.NacosLogging - Load Logback Configuration of Nacos fail, message: Could not initialize Logback Nacos logging from classpath:nacos-logback.xml
2025-06-24 23:07:50.241 [main] [traceId:] [userId:] WARN  com.alibaba.nacos.client.logging.NacosLogging - Load Logback Configuration of Nacos fail, message: Could not initialize Logback Nacos logging from classpath:nacos-logback.xml
2025-06-24 23:07:50.243 [main] [traceId:] [userId:] INFO  com.alibaba.nacos.client.utils.ParamUtil - [settings] [req-serv] nacos-server port:8848
2025-06-24 23:07:50.243 [main] [traceId:] [userId:] INFO  com.alibaba.nacos.client.utils.ParamUtil - [settings] [http-client] connect timeout:1000
2025-06-24 23:07:50.244 [main] [traceId:] [userId:] INFO  com.alibaba.nacos.client.utils.ParamUtil - PER_TASK_CONFIG_SIZE: 3000.0
2025-06-24 23:07:50.269 [main] [traceId:] [userId:] INFO  c.a.n.p.auth.spi.client.ClientAuthPluginManager - [ClientAuthPluginManager] Load ClientAuthService com.alibaba.nacos.client.auth.impl.NacosClientAuthServiceImpl success.
2025-06-24 23:07:50.269 [main] [traceId:] [userId:] INFO  c.a.n.p.auth.spi.client.ClientAuthPluginManager - [ClientAuthPluginManager] Load ClientAuthService com.alibaba.nacos.client.auth.ram.RamClientAuthServiceImpl success.
2025-06-24 23:07:50.272 [main] [traceId:] [userId:] INFO  c.a.n.client.auth.ram.identify.CredentialWatcher - null No credential found
2025-06-24 23:07:50.402 [main] [traceId:] [userId:] WARN  com.alibaba.nacos.client.logging.NacosLogging - Load Logback Configuration of Nacos fail, message: Could not initialize Logback Nacos logging from classpath:nacos-logback.xml
2025-06-24 23:07:50.424 [main] [traceId:] [userId:] INFO  c.a.n.client.config.impl.LocalConfigInfoProcessor - LOCAL_SNAPSHOT_PATH:C:\Users\Administrator\nacos\config
2025-06-24 23:07:50.427 [main] [traceId:] [userId:] INFO  com.alibaba.nacos.common.remote.client - [RpcClientFactory] create a new rpc client of 8f292033-d284-4462-9d9a-7e0d1b3215bc_config-0
2025-06-24 23:07:50.445 [main] [traceId:] [userId:] INFO  com.alibaba.nacos.common.remote.client - [8f292033-d284-4462-9d9a-7e0d1b3215bc_config-0] Register server push request handler:com.alibaba.nacos.client.config.impl.ClientWorker$ConfigRpcTransportClient$$Lambda/0x000001f4014257a8
2025-06-24 23:07:50.446 [main] [traceId:] [userId:] INFO  com.alibaba.nacos.common.remote.client - [8f292033-d284-4462-9d9a-7e0d1b3215bc_config-0] Register server push request handler:com.alibaba.nacos.client.config.impl.ClientWorker$ConfigRpcTransportClient$$Lambda/0x000001f401425bb8
2025-06-24 23:07:50.447 [main] [traceId:] [userId:] INFO  com.alibaba.nacos.common.remote.client - [8f292033-d284-4462-9d9a-7e0d1b3215bc_config-0] Registry connection listener to current client:com.alibaba.nacos.client.config.impl.ClientWorker$ConfigRpcTransportClient$1
2025-06-24 23:07:50.447 [main] [traceId:] [userId:] INFO  com.alibaba.nacos.common.remote.client - [8f292033-d284-4462-9d9a-7e0d1b3215bc_config-0] RpcClient init, ServerListFactory = com.alibaba.nacos.client.config.impl.ClientWorker$ConfigRpcTransportClient$2
2025-06-24 23:07:50.455 [main] [traceId:] [userId:] INFO  com.alibaba.nacos.common.remote.client - [8f292033-d284-4462-9d9a-7e0d1b3215bc_config-0] Try to connect to server on start up, server: {serverIp = '8.133.246.113', server main port = 8848}
2025-06-24 23:07:50.490 [main] [traceId:] [userId:] INFO  c.a.nacos.common.remote.client.grpc.GrpcClient - grpc client connection server:8.133.246.113 ip,serverPort:9848,grpcTslConfig:{"sslProvider":"OPENSSL","enableTls":false,"mutualAuthEnable":false,"trustAll":false}
2025-06-24 23:07:51.134 [main] [traceId:] [userId:] INFO  com.alibaba.nacos.common.remote.client - [8f292033-d284-4462-9d9a-7e0d1b3215bc_config-0] Success to connect to server [8.133.246.113:8848] on start up, connectionId = 1750777670948_139.227.195.166_38238
2025-06-24 23:07:51.135 [com.alibaba.nacos.client.remote.worker] [traceId:] [userId:] INFO  com.alibaba.nacos.common.remote.client - [8f292033-d284-4462-9d9a-7e0d1b3215bc_config-0] Notify connected event to listeners.
2025-06-24 23:07:51.135 [com.alibaba.nacos.client.remote.worker] [traceId:] [userId:] INFO  com.alibaba.nacos.client.config.impl.ClientWorker - [8f292033-d284-4462-9d9a-7e0d1b3215bc_config-0] Connected,notify listen context...
2025-06-24 23:07:51.135 [main] [traceId:] [userId:] INFO  com.alibaba.nacos.common.remote.client - [8f292033-d284-4462-9d9a-7e0d1b3215bc_config-0] Register server push request handler:com.alibaba.nacos.common.remote.client.RpcClient$ConnectResetRequestHandler
2025-06-24 23:07:51.136 [main] [traceId:] [userId:] INFO  com.alibaba.nacos.common.remote.client - [8f292033-d284-4462-9d9a-7e0d1b3215bc_config-0] Register server push request handler:com.alibaba.nacos.common.remote.client.RpcClient$$Lambda/0x000001f401585120
2025-06-24 23:07:51.176 [main] [traceId:] [userId:] INFO  com.alibaba.nacos.client.config.impl.Limiter - limitTime:5.0
2025-06-24 23:07:51.214 [main] [traceId:] [userId:] WARN  c.a.cloud.nacos.client.NacosPropertySourceBuilder - Ignore the empty nacos configuration and get it based on dataId[common-dev.yaml] & group[DEFAULT_GROUP]
2025-06-24 23:07:51.231 [main] [traceId:] [userId:] WARN  c.a.cloud.nacos.client.NacosPropertySourceBuilder - Ignore the empty nacos configuration and get it based on dataId[bgtech-ai] & group[DEFAULT_GROUP]
2025-06-24 23:07:51.242 [main] [traceId:] [userId:] WARN  c.a.cloud.nacos.client.NacosPropertySourceBuilder - Ignore the empty nacos configuration and get it based on dataId[bgtech-ai.yaml] & group[DEFAULT_GROUP]
2025-06-24 23:07:51.260 [main] [traceId:] [userId:] INFO  com.alibaba.nacos.client.config.utils.JvmUtil - isMultiInstance:false
2025-06-24 23:07:51.278 [main] [traceId:] [userId:] INFO  o.s.c.b.c.PropertySourceBootstrapConfiguration - Located property source: [BootstrapPropertySource {name='bootstrapProperties-bgtech-ai-dev.yaml,DEFAULT_GROUP'}, BootstrapPropertySource {name='bootstrapProperties-bgtech-ai.yaml,DEFAULT_GROUP'}, BootstrapPropertySource {name='bootstrapProperties-bgtech-ai,DEFAULT_GROUP'}, BootstrapPropertySource {name='bootstrapProperties-common-dev.yaml,DEFAULT_GROUP'}]
