2025-07-26 20:05:00.528 [main] [traceId:] [userId:] WARN  com.alibaba.nacos.client.logging.NacosLogging - Load Logback Configuration of Nacos fail, message: Could not initialize Logback Nacos logging from classpath:nacos-logback.xml
2025-07-26 20:05:00.643 [main] [traceId:] [userId:] WARN  com.alibaba.nacos.client.logging.NacosLogging - Load Logback Configuration of Nacos fail, message: Could not initialize Logback Nacos logging from classpath:nacos-logback.xml
2025-07-26 20:05:00.937 [main] [traceId:] [userId:] WARN  com.alibaba.nacos.client.logging.NacosLogging - Load Logback Configuration of Nacos fail, message: Could not initialize Logback Nacos logging from classpath:nacos-logback.xml
2025-07-26 20:05:00.939 [main] [traceId:] [userId:] INFO  com.alibaba.nacos.client.utils.ParamUtil - [settings] [req-serv] nacos-server port:8848
2025-07-26 20:05:00.940 [main] [traceId:] [userId:] INFO  com.alibaba.nacos.client.utils.ParamUtil - [settings] [http-client] connect timeout:1000
2025-07-26 20:05:00.941 [main] [traceId:] [userId:] INFO  com.alibaba.nacos.client.utils.ParamUtil - PER_TASK_CONFIG_SIZE: 3000.0
2025-07-26 20:05:00.981 [main] [traceId:] [userId:] INFO  c.a.n.p.auth.spi.client.ClientAuthPluginManager - [ClientAuthPluginManager] Load ClientAuthService com.alibaba.nacos.client.auth.impl.NacosClientAuthServiceImpl success.
2025-07-26 20:05:00.981 [main] [traceId:] [userId:] INFO  c.a.n.p.auth.spi.client.ClientAuthPluginManager - [ClientAuthPluginManager] Load ClientAuthService com.alibaba.nacos.client.auth.ram.RamClientAuthServiceImpl success.
2025-07-26 20:05:00.985 [main] [traceId:] [userId:] INFO  c.a.n.client.auth.ram.identify.CredentialWatcher - null No credential found
2025-07-26 20:05:02.207 [main] [traceId:] [userId:] WARN  com.alibaba.nacos.client.logging.NacosLogging - Load Logback Configuration of Nacos fail, message: Could not initialize Logback Nacos logging from classpath:nacos-logback.xml
2025-07-26 20:05:02.251 [main] [traceId:] [userId:] INFO  c.a.n.client.config.impl.LocalConfigInfoProcessor - LOCAL_SNAPSHOT_PATH:C:\Users\Administrator\nacos\config
2025-07-26 20:05:02.260 [main] [traceId:] [userId:] INFO  com.alibaba.nacos.common.remote.client - [RpcClientFactory] create a new rpc client of 23ff467e-6635-4c83-ac9b-39773f0508b1_config-0
2025-07-26 20:05:02.290 [main] [traceId:] [userId:] INFO  com.alibaba.nacos.common.remote.client - [23ff467e-6635-4c83-ac9b-39773f0508b1_config-0] Register server push request handler:com.alibaba.nacos.client.config.impl.ClientWorker$ConfigRpcTransportClient$$Lambda/0x000001ae5a497290
2025-07-26 20:05:02.291 [main] [traceId:] [userId:] INFO  com.alibaba.nacos.common.remote.client - [23ff467e-6635-4c83-ac9b-39773f0508b1_config-0] Register server push request handler:com.alibaba.nacos.client.config.impl.ClientWorker$ConfigRpcTransportClient$$Lambda/0x000001ae5a4976a0
2025-07-26 20:05:02.292 [main] [traceId:] [userId:] INFO  com.alibaba.nacos.common.remote.client - [23ff467e-6635-4c83-ac9b-39773f0508b1_config-0] Registry connection listener to current client:com.alibaba.nacos.client.config.impl.ClientWorker$ConfigRpcTransportClient$1
2025-07-26 20:05:02.293 [main] [traceId:] [userId:] INFO  com.alibaba.nacos.common.remote.client - [23ff467e-6635-4c83-ac9b-39773f0508b1_config-0] RpcClient init, ServerListFactory = com.alibaba.nacos.client.config.impl.ClientWorker$ConfigRpcTransportClient$2
2025-07-26 20:05:02.317 [main] [traceId:] [userId:] INFO  com.alibaba.nacos.common.remote.client - [23ff467e-6635-4c83-ac9b-39773f0508b1_config-0] Try to connect to server on start up, server: {serverIp = '8.133.246.113', server main port = 8848}
2025-07-26 20:05:02.377 [main] [traceId:] [userId:] INFO  c.a.nacos.common.remote.client.grpc.GrpcClient - grpc client connection server:8.133.246.113 ip,serverPort:9848,grpcTslConfig:{"sslProvider":"OPENSSL","enableTls":false,"mutualAuthEnable":false,"trustAll":false}
2025-07-26 20:05:03.474 [main] [traceId:] [userId:] INFO  com.alibaba.nacos.common.remote.client - [23ff467e-6635-4c83-ac9b-39773f0508b1_config-0] Success to connect to server [8.133.246.113:8848] on start up, connectionId = 1753531503410_139.226.176.13_22282
2025-07-26 20:05:03.475 [com.alibaba.nacos.client.remote.worker] [traceId:] [userId:] INFO  com.alibaba.nacos.common.remote.client - [23ff467e-6635-4c83-ac9b-39773f0508b1_config-0] Notify connected event to listeners.
2025-07-26 20:05:03.476 [main] [traceId:] [userId:] INFO  com.alibaba.nacos.common.remote.client - [23ff467e-6635-4c83-ac9b-39773f0508b1_config-0] Register server push request handler:com.alibaba.nacos.common.remote.client.RpcClient$ConnectResetRequestHandler
2025-07-26 20:05:03.476 [com.alibaba.nacos.client.remote.worker] [traceId:] [userId:] INFO  com.alibaba.nacos.client.config.impl.ClientWorker - [23ff467e-6635-4c83-ac9b-39773f0508b1_config-0] Connected,notify listen context...
2025-07-26 20:05:03.476 [main] [traceId:] [userId:] INFO  com.alibaba.nacos.common.remote.client - [23ff467e-6635-4c83-ac9b-39773f0508b1_config-0] Register server push request handler:com.alibaba.nacos.common.remote.client.RpcClient$$Lambda/0x000001ae5a5d64f8
2025-07-26 20:05:03.545 [main] [traceId:] [userId:] INFO  com.alibaba.nacos.client.config.impl.Limiter - limitTime:5.0
2025-07-26 20:05:03.575 [main] [traceId:] [userId:] WARN  c.a.cloud.nacos.client.NacosPropertySourceBuilder - Ignore the empty nacos configuration and get it based on dataId[common-dev.yaml] & group[DEFAULT_GROUP]
2025-07-26 20:05:03.589 [main] [traceId:] [userId:] WARN  c.a.cloud.nacos.client.NacosPropertySourceBuilder - Ignore the empty nacos configuration and get it based on dataId[bgtech-ai] & group[DEFAULT_GROUP]
2025-07-26 20:05:03.603 [main] [traceId:] [userId:] WARN  c.a.cloud.nacos.client.NacosPropertySourceBuilder - Ignore the empty nacos configuration and get it based on dataId[bgtech-ai.yaml] & group[DEFAULT_GROUP]
2025-07-26 20:05:03.624 [main] [traceId:] [userId:] INFO  com.alibaba.nacos.client.config.utils.JvmUtil - isMultiInstance:false
2025-07-26 20:05:03.641 [main] [traceId:] [userId:] INFO  o.s.c.b.c.PropertySourceBootstrapConfiguration - Located property source: [BootstrapPropertySource {name='bootstrapProperties-bgtech-ai-dev.yaml,DEFAULT_GROUP'}, BootstrapPropertySource {name='bootstrapProperties-bgtech-ai.yaml,DEFAULT_GROUP'}, BootstrapPropertySource {name='bootstrapProperties-bgtech-ai,DEFAULT_GROUP'}, BootstrapPropertySource {name='bootstrapProperties-common-dev.yaml,DEFAULT_GROUP'}]
