2025-07-11 00:00:05.760 [main] [traceId:] [userId:] WARN  com.alibaba.nacos.client.logging.NacosLogging - Load Logback Configuration of Nacos fail, message: Could not initialize Logback Nacos logging from classpath:nacos-logback.xml
2025-07-11 00:00:05.841 [main] [traceId:] [userId:] WARN  com.alibaba.nacos.client.logging.NacosLogging - Load Logback Configuration of Nacos fail, message: Could not initialize Logback Nacos logging from classpath:nacos-logback.xml
2025-07-11 00:00:06.052 [main] [traceId:] [userId:] WARN  com.alibaba.nacos.client.logging.NacosLogging - Load Logback Configuration of Nacos fail, message: Could not initialize Logback Nacos logging from classpath:nacos-logback.xml
2025-07-11 00:00:06.055 [main] [traceId:] [userId:] INFO  com.alibaba.nacos.client.utils.ParamUtil - [settings] [req-serv] nacos-server port:8848
2025-07-11 00:00:06.056 [main] [traceId:] [userId:] INFO  com.alibaba.nacos.client.utils.ParamUtil - [settings] [http-client] connect timeout:1000
2025-07-11 00:00:06.057 [main] [traceId:] [userId:] INFO  com.alibaba.nacos.client.utils.ParamUtil - PER_TASK_CONFIG_SIZE: 3000.0
2025-07-11 00:00:06.083 [main] [traceId:] [userId:] INFO  c.a.n.p.auth.spi.client.ClientAuthPluginManager - [ClientAuthPluginManager] Load ClientAuthService com.alibaba.nacos.client.auth.impl.NacosClientAuthServiceImpl success.
2025-07-11 00:00:06.083 [main] [traceId:] [userId:] INFO  c.a.n.p.auth.spi.client.ClientAuthPluginManager - [ClientAuthPluginManager] Load ClientAuthService com.alibaba.nacos.client.auth.ram.RamClientAuthServiceImpl success.
2025-07-11 00:00:06.086 [main] [traceId:] [userId:] INFO  c.a.n.client.auth.ram.identify.CredentialWatcher - null No credential found
2025-07-11 00:00:07.219 [main] [traceId:] [userId:] WARN  com.alibaba.nacos.client.logging.NacosLogging - Load Logback Configuration of Nacos fail, message: Could not initialize Logback Nacos logging from classpath:nacos-logback.xml
2025-07-11 00:00:07.240 [main] [traceId:] [userId:] INFO  c.a.n.client.config.impl.LocalConfigInfoProcessor - LOCAL_SNAPSHOT_PATH:C:\Users\Administrator\nacos\config
2025-07-11 00:00:07.254 [main] [traceId:] [userId:] INFO  com.alibaba.nacos.common.remote.client - [RpcClientFactory] create a new rpc client of ea1064ac-4491-4f4d-b37c-fe2a60ad7bd9_config-0
2025-07-11 00:00:07.278 [main] [traceId:] [userId:] INFO  com.alibaba.nacos.common.remote.client - [ea1064ac-4491-4f4d-b37c-fe2a60ad7bd9_config-0] Register server push request handler:com.alibaba.nacos.client.config.impl.ClientWorker$ConfigRpcTransportClient$$Lambda/0x000001b701495308
2025-07-11 00:00:07.279 [main] [traceId:] [userId:] INFO  com.alibaba.nacos.common.remote.client - [ea1064ac-4491-4f4d-b37c-fe2a60ad7bd9_config-0] Register server push request handler:com.alibaba.nacos.client.config.impl.ClientWorker$ConfigRpcTransportClient$$Lambda/0x000001b701495718
2025-07-11 00:00:07.279 [main] [traceId:] [userId:] INFO  com.alibaba.nacos.common.remote.client - [ea1064ac-4491-4f4d-b37c-fe2a60ad7bd9_config-0] Registry connection listener to current client:com.alibaba.nacos.client.config.impl.ClientWorker$ConfigRpcTransportClient$1
2025-07-11 00:00:07.280 [main] [traceId:] [userId:] INFO  com.alibaba.nacos.common.remote.client - [ea1064ac-4491-4f4d-b37c-fe2a60ad7bd9_config-0] RpcClient init, ServerListFactory = com.alibaba.nacos.client.config.impl.ClientWorker$ConfigRpcTransportClient$2
2025-07-11 00:00:07.289 [main] [traceId:] [userId:] INFO  com.alibaba.nacos.common.remote.client - [ea1064ac-4491-4f4d-b37c-fe2a60ad7bd9_config-0] Try to connect to server on start up, server: {serverIp = '8.133.246.113', server main port = 8848}
2025-07-11 00:00:07.323 [main] [traceId:] [userId:] INFO  c.a.nacos.common.remote.client.grpc.GrpcClient - grpc client connection server:8.133.246.113 ip,serverPort:9848,grpcTslConfig:{"sslProvider":"OPENSSL","enableTls":false,"mutualAuthEnable":false,"trustAll":false}
2025-07-11 00:00:08.013 [main] [traceId:] [userId:] INFO  com.alibaba.nacos.common.remote.client - [ea1064ac-4491-4f4d-b37c-fe2a60ad7bd9_config-0] Success to connect to server [8.133.246.113:8848] on start up, connectionId = 1752163207912_139.226.176.198_12823
2025-07-11 00:00:08.014 [com.alibaba.nacos.client.remote.worker] [traceId:] [userId:] INFO  com.alibaba.nacos.common.remote.client - [ea1064ac-4491-4f4d-b37c-fe2a60ad7bd9_config-0] Notify connected event to listeners.
2025-07-11 00:00:08.015 [com.alibaba.nacos.client.remote.worker] [traceId:] [userId:] INFO  com.alibaba.nacos.client.config.impl.ClientWorker - [ea1064ac-4491-4f4d-b37c-fe2a60ad7bd9_config-0] Connected,notify listen context...
2025-07-11 00:00:08.015 [main] [traceId:] [userId:] INFO  com.alibaba.nacos.common.remote.client - [ea1064ac-4491-4f4d-b37c-fe2a60ad7bd9_config-0] Register server push request handler:com.alibaba.nacos.common.remote.client.RpcClient$ConnectResetRequestHandler
2025-07-11 00:00:08.015 [main] [traceId:] [userId:] INFO  com.alibaba.nacos.common.remote.client - [ea1064ac-4491-4f4d-b37c-fe2a60ad7bd9_config-0] Register server push request handler:com.alibaba.nacos.common.remote.client.RpcClient$$Lambda/0x000001b7015d4a80
2025-07-11 00:00:08.077 [main] [traceId:] [userId:] INFO  com.alibaba.nacos.client.config.impl.Limiter - limitTime:5.0
2025-07-11 00:00:08.103 [main] [traceId:] [userId:] WARN  c.a.cloud.nacos.client.NacosPropertySourceBuilder - Ignore the empty nacos configuration and get it based on dataId[common-dev.yaml] & group[DEFAULT_GROUP]
2025-07-11 00:00:08.122 [main] [traceId:] [userId:] WARN  c.a.cloud.nacos.client.NacosPropertySourceBuilder - Ignore the empty nacos configuration and get it based on dataId[bgtech-ai] & group[DEFAULT_GROUP]
2025-07-11 00:00:08.136 [main] [traceId:] [userId:] WARN  c.a.cloud.nacos.client.NacosPropertySourceBuilder - Ignore the empty nacos configuration and get it based on dataId[bgtech-ai.yaml] & group[DEFAULT_GROUP]
2025-07-11 00:00:08.163 [main] [traceId:] [userId:] INFO  com.alibaba.nacos.client.config.utils.JvmUtil - isMultiInstance:false
2025-07-11 00:00:08.175 [main] [traceId:] [userId:] INFO  o.s.c.b.c.PropertySourceBootstrapConfiguration - Located property source: [BootstrapPropertySource {name='bootstrapProperties-bgtech-ai-dev.yaml,DEFAULT_GROUP'}, BootstrapPropertySource {name='bootstrapProperties-bgtech-ai.yaml,DEFAULT_GROUP'}, BootstrapPropertySource {name='bootstrapProperties-bgtech-ai,DEFAULT_GROUP'}, BootstrapPropertySource {name='bootstrapProperties-common-dev.yaml,DEFAULT_GROUP'}]
