2025-07-06 20:52:33.653 [main] [traceId:] [userId:] WARN  com.alibaba.nacos.client.logging.NacosLogging - Load Logback Configuration of Nacos fail, message: Could not initialize Logback Nacos logging from classpath:nacos-logback.xml
2025-07-06 20:52:33.722 [main] [traceId:] [userId:] WARN  com.alibaba.nacos.client.logging.NacosLogging - Load Logback Configuration of Nacos fail, message: Could not initialize Logback Nacos logging from classpath:nacos-logback.xml
2025-07-06 20:52:33.955 [main] [traceId:] [userId:] WARN  com.alibaba.nacos.client.logging.NacosLogging - Load Logback Configuration of Nacos fail, message: Could not initialize Logback Nacos logging from classpath:nacos-logback.xml
2025-07-06 20:52:33.958 [main] [traceId:] [userId:] INFO  com.alibaba.nacos.client.utils.ParamUtil - [settings] [req-serv] nacos-server port:8848
2025-07-06 20:52:33.958 [main] [traceId:] [userId:] INFO  com.alibaba.nacos.client.utils.ParamUtil - [settings] [http-client] connect timeout:1000
2025-07-06 20:52:33.959 [main] [traceId:] [userId:] INFO  com.alibaba.nacos.client.utils.ParamUtil - PER_TASK_CONFIG_SIZE: 3000.0
2025-07-06 20:52:33.991 [main] [traceId:] [userId:] INFO  c.a.n.p.auth.spi.client.ClientAuthPluginManager - [ClientAuthPluginManager] Load ClientAuthService com.alibaba.nacos.client.auth.impl.NacosClientAuthServiceImpl success.
2025-07-06 20:52:33.992 [main] [traceId:] [userId:] INFO  c.a.n.p.auth.spi.client.ClientAuthPluginManager - [ClientAuthPluginManager] Load ClientAuthService com.alibaba.nacos.client.auth.ram.RamClientAuthServiceImpl success.
2025-07-06 20:52:33.995 [main] [traceId:] [userId:] INFO  c.a.n.client.auth.ram.identify.CredentialWatcher - null No credential found
2025-07-06 20:52:34.159 [main] [traceId:] [userId:] WARN  com.alibaba.nacos.client.logging.NacosLogging - Load Logback Configuration of Nacos fail, message: Could not initialize Logback Nacos logging from classpath:nacos-logback.xml
2025-07-06 20:52:34.207 [main] [traceId:] [userId:] INFO  c.a.n.client.config.impl.LocalConfigInfoProcessor - LOCAL_SNAPSHOT_PATH:C:\Users\Administrator\nacos\config
2025-07-06 20:52:34.212 [main] [traceId:] [userId:] INFO  com.alibaba.nacos.common.remote.client - [RpcClientFactory] create a new rpc client of 1d971e75-aa62-4ed2-96e7-1b06b3106a1f_config-0
2025-07-06 20:52:34.238 [main] [traceId:] [userId:] INFO  com.alibaba.nacos.common.remote.client - [1d971e75-aa62-4ed2-96e7-1b06b3106a1f_config-0] Register server push request handler:com.alibaba.nacos.client.config.impl.ClientWorker$ConfigRpcTransportClient$$Lambda/0x00000245a15fe9f8
2025-07-06 20:52:34.238 [main] [traceId:] [userId:] INFO  com.alibaba.nacos.common.remote.client - [1d971e75-aa62-4ed2-96e7-1b06b3106a1f_config-0] Register server push request handler:com.alibaba.nacos.client.config.impl.ClientWorker$ConfigRpcTransportClient$$Lambda/0x00000245a15fee08
2025-07-06 20:52:34.239 [main] [traceId:] [userId:] INFO  com.alibaba.nacos.common.remote.client - [1d971e75-aa62-4ed2-96e7-1b06b3106a1f_config-0] Registry connection listener to current client:com.alibaba.nacos.client.config.impl.ClientWorker$ConfigRpcTransportClient$1
2025-07-06 20:52:34.239 [main] [traceId:] [userId:] INFO  com.alibaba.nacos.common.remote.client - [1d971e75-aa62-4ed2-96e7-1b06b3106a1f_config-0] RpcClient init, ServerListFactory = com.alibaba.nacos.client.config.impl.ClientWorker$ConfigRpcTransportClient$2
2025-07-06 20:52:34.250 [main] [traceId:] [userId:] INFO  com.alibaba.nacos.common.remote.client - [1d971e75-aa62-4ed2-96e7-1b06b3106a1f_config-0] Try to connect to server on start up, server: {serverIp = '8.133.246.113', server main port = 8848}
2025-07-06 20:52:34.298 [main] [traceId:] [userId:] INFO  c.a.nacos.common.remote.client.grpc.GrpcClient - grpc client connection server:8.133.246.113 ip,serverPort:9848,grpcTslConfig:{"sslProvider":"OPENSSL","enableTls":false,"mutualAuthEnable":false,"trustAll":false}
2025-07-06 20:52:35.094 [main] [traceId:] [userId:] INFO  com.alibaba.nacos.common.remote.client - [1d971e75-aa62-4ed2-96e7-1b06b3106a1f_config-0] Success to connect to server [8.133.246.113:8848] on start up, connectionId = 1751806354764_139.226.176.198_11639
2025-07-06 20:52:35.102 [com.alibaba.nacos.client.remote.worker] [traceId:] [userId:] INFO  com.alibaba.nacos.common.remote.client - [1d971e75-aa62-4ed2-96e7-1b06b3106a1f_config-0] Notify connected event to listeners.
2025-07-06 20:52:35.103 [com.alibaba.nacos.client.remote.worker] [traceId:] [userId:] INFO  com.alibaba.nacos.client.config.impl.ClientWorker - [1d971e75-aa62-4ed2-96e7-1b06b3106a1f_config-0] Connected,notify listen context...
2025-07-06 20:52:35.103 [main] [traceId:] [userId:] INFO  com.alibaba.nacos.common.remote.client - [1d971e75-aa62-4ed2-96e7-1b06b3106a1f_config-0] Register server push request handler:com.alibaba.nacos.common.remote.client.RpcClient$ConnectResetRequestHandler
2025-07-06 20:52:35.103 [main] [traceId:] [userId:] INFO  com.alibaba.nacos.common.remote.client - [1d971e75-aa62-4ed2-96e7-1b06b3106a1f_config-0] Register server push request handler:com.alibaba.nacos.common.remote.client.RpcClient$$Lambda/0x00000245a173d680
2025-07-06 20:52:35.138 [main] [traceId:] [userId:] INFO  com.alibaba.nacos.client.config.impl.Limiter - limitTime:5.0
2025-07-06 20:52:35.166 [main] [traceId:] [userId:] WARN  c.a.cloud.nacos.client.NacosPropertySourceBuilder - Ignore the empty nacos configuration and get it based on dataId[common-dev.yaml] & group[DEFAULT_GROUP]
2025-07-06 20:52:35.180 [main] [traceId:] [userId:] WARN  c.a.cloud.nacos.client.NacosPropertySourceBuilder - Ignore the empty nacos configuration and get it based on dataId[bgtech-ai] & group[DEFAULT_GROUP]
2025-07-06 20:52:35.195 [main] [traceId:] [userId:] WARN  c.a.cloud.nacos.client.NacosPropertySourceBuilder - Ignore the empty nacos configuration and get it based on dataId[bgtech-ai.yaml] & group[DEFAULT_GROUP]
2025-07-06 20:52:35.219 [main] [traceId:] [userId:] INFO  com.alibaba.nacos.client.config.utils.JvmUtil - isMultiInstance:false
2025-07-06 20:52:35.232 [main] [traceId:] [userId:] INFO  o.s.c.b.c.PropertySourceBootstrapConfiguration - Located property source: [BootstrapPropertySource {name='bootstrapProperties-bgtech-ai-dev.yaml,DEFAULT_GROUP'}, BootstrapPropertySource {name='bootstrapProperties-bgtech-ai.yaml,DEFAULT_GROUP'}, BootstrapPropertySource {name='bootstrapProperties-bgtech-ai,DEFAULT_GROUP'}, BootstrapPropertySource {name='bootstrapProperties-common-dev.yaml,DEFAULT_GROUP'}]
2025-07-06 20:54:14.736 [main] [traceId:] [userId:] WARN  com.alibaba.nacos.client.logging.NacosLogging - Load Logback Configuration of Nacos fail, message: Could not initialize Logback Nacos logging from classpath:nacos-logback.xml
2025-07-06 20:54:14.803 [main] [traceId:] [userId:] WARN  com.alibaba.nacos.client.logging.NacosLogging - Load Logback Configuration of Nacos fail, message: Could not initialize Logback Nacos logging from classpath:nacos-logback.xml
2025-07-06 20:54:15.041 [main] [traceId:] [userId:] WARN  com.alibaba.nacos.client.logging.NacosLogging - Load Logback Configuration of Nacos fail, message: Could not initialize Logback Nacos logging from classpath:nacos-logback.xml
2025-07-06 20:54:15.043 [main] [traceId:] [userId:] INFO  com.alibaba.nacos.client.utils.ParamUtil - [settings] [req-serv] nacos-server port:8848
2025-07-06 20:54:15.044 [main] [traceId:] [userId:] INFO  com.alibaba.nacos.client.utils.ParamUtil - [settings] [http-client] connect timeout:1000
2025-07-06 20:54:15.045 [main] [traceId:] [userId:] INFO  com.alibaba.nacos.client.utils.ParamUtil - PER_TASK_CONFIG_SIZE: 3000.0
2025-07-06 20:54:15.087 [main] [traceId:] [userId:] INFO  c.a.n.p.auth.spi.client.ClientAuthPluginManager - [ClientAuthPluginManager] Load ClientAuthService com.alibaba.nacos.client.auth.impl.NacosClientAuthServiceImpl success.
2025-07-06 20:54:15.088 [main] [traceId:] [userId:] INFO  c.a.n.p.auth.spi.client.ClientAuthPluginManager - [ClientAuthPluginManager] Load ClientAuthService com.alibaba.nacos.client.auth.ram.RamClientAuthServiceImpl success.
2025-07-06 20:54:15.092 [main] [traceId:] [userId:] INFO  c.a.n.client.auth.ram.identify.CredentialWatcher - null No credential found
2025-07-06 20:54:15.297 [main] [traceId:] [userId:] WARN  com.alibaba.nacos.client.logging.NacosLogging - Load Logback Configuration of Nacos fail, message: Could not initialize Logback Nacos logging from classpath:nacos-logback.xml
2025-07-06 20:54:15.330 [main] [traceId:] [userId:] INFO  c.a.n.client.config.impl.LocalConfigInfoProcessor - LOCAL_SNAPSHOT_PATH:C:\Users\Administrator\nacos\config
2025-07-06 20:54:15.335 [main] [traceId:] [userId:] INFO  com.alibaba.nacos.common.remote.client - [RpcClientFactory] create a new rpc client of e90d8f03-d6f2-46d4-b73f-c6885e83e383_config-0
2025-07-06 20:54:15.356 [main] [traceId:] [userId:] INFO  com.alibaba.nacos.common.remote.client - [e90d8f03-d6f2-46d4-b73f-c6885e83e383_config-0] Register server push request handler:com.alibaba.nacos.client.config.impl.ClientWorker$ConfigRpcTransportClient$$Lambda/0x0000022cb25fa0e0
2025-07-06 20:54:15.356 [main] [traceId:] [userId:] INFO  com.alibaba.nacos.common.remote.client - [e90d8f03-d6f2-46d4-b73f-c6885e83e383_config-0] Register server push request handler:com.alibaba.nacos.client.config.impl.ClientWorker$ConfigRpcTransportClient$$Lambda/0x0000022cb25fa4f0
2025-07-06 20:54:15.356 [main] [traceId:] [userId:] INFO  com.alibaba.nacos.common.remote.client - [e90d8f03-d6f2-46d4-b73f-c6885e83e383_config-0] Registry connection listener to current client:com.alibaba.nacos.client.config.impl.ClientWorker$ConfigRpcTransportClient$1
2025-07-06 20:54:15.357 [main] [traceId:] [userId:] INFO  com.alibaba.nacos.common.remote.client - [e90d8f03-d6f2-46d4-b73f-c6885e83e383_config-0] RpcClient init, ServerListFactory = com.alibaba.nacos.client.config.impl.ClientWorker$ConfigRpcTransportClient$2
2025-07-06 20:54:15.367 [main] [traceId:] [userId:] INFO  com.alibaba.nacos.common.remote.client - [e90d8f03-d6f2-46d4-b73f-c6885e83e383_config-0] Try to connect to server on start up, server: {serverIp = '8.133.246.113', server main port = 8848}
2025-07-06 20:54:15.410 [main] [traceId:] [userId:] INFO  c.a.nacos.common.remote.client.grpc.GrpcClient - grpc client connection server:8.133.246.113 ip,serverPort:9848,grpcTslConfig:{"sslProvider":"OPENSSL","enableTls":false,"mutualAuthEnable":false,"trustAll":false}
2025-07-06 20:54:16.229 [main] [traceId:] [userId:] INFO  com.alibaba.nacos.common.remote.client - [e90d8f03-d6f2-46d4-b73f-c6885e83e383_config-0] Success to connect to server [8.133.246.113:8848] on start up, connectionId = 1751806455843_139.226.176.198_11940
2025-07-06 20:54:16.230 [com.alibaba.nacos.client.remote.worker] [traceId:] [userId:] INFO  com.alibaba.nacos.common.remote.client - [e90d8f03-d6f2-46d4-b73f-c6885e83e383_config-0] Notify connected event to listeners.
2025-07-06 20:54:16.230 [main] [traceId:] [userId:] INFO  com.alibaba.nacos.common.remote.client - [e90d8f03-d6f2-46d4-b73f-c6885e83e383_config-0] Register server push request handler:com.alibaba.nacos.common.remote.client.RpcClient$ConnectResetRequestHandler
2025-07-06 20:54:16.230 [com.alibaba.nacos.client.remote.worker] [traceId:] [userId:] INFO  com.alibaba.nacos.client.config.impl.ClientWorker - [e90d8f03-d6f2-46d4-b73f-c6885e83e383_config-0] Connected,notify listen context...
2025-07-06 20:54:16.231 [main] [traceId:] [userId:] INFO  com.alibaba.nacos.common.remote.client - [e90d8f03-d6f2-46d4-b73f-c6885e83e383_config-0] Register server push request handler:com.alibaba.nacos.common.remote.client.RpcClient$$Lambda/0x0000022cb2738cd8
2025-07-06 20:54:16.275 [main] [traceId:] [userId:] INFO  com.alibaba.nacos.client.config.impl.Limiter - limitTime:5.0
2025-07-06 20:54:16.299 [main] [traceId:] [userId:] WARN  c.a.cloud.nacos.client.NacosPropertySourceBuilder - Ignore the empty nacos configuration and get it based on dataId[common-dev.yaml] & group[DEFAULT_GROUP]
2025-07-06 20:54:16.317 [main] [traceId:] [userId:] WARN  c.a.cloud.nacos.client.NacosPropertySourceBuilder - Ignore the empty nacos configuration and get it based on dataId[bgtech-ai] & group[DEFAULT_GROUP]
2025-07-06 20:54:16.329 [main] [traceId:] [userId:] WARN  c.a.cloud.nacos.client.NacosPropertySourceBuilder - Ignore the empty nacos configuration and get it based on dataId[bgtech-ai.yaml] & group[DEFAULT_GROUP]
2025-07-06 20:54:16.348 [main] [traceId:] [userId:] INFO  com.alibaba.nacos.client.config.utils.JvmUtil - isMultiInstance:false
2025-07-06 20:54:16.370 [main] [traceId:] [userId:] INFO  o.s.c.b.c.PropertySourceBootstrapConfiguration - Located property source: [BootstrapPropertySource {name='bootstrapProperties-bgtech-ai-dev.yaml,DEFAULT_GROUP'}, BootstrapPropertySource {name='bootstrapProperties-bgtech-ai.yaml,DEFAULT_GROUP'}, BootstrapPropertySource {name='bootstrapProperties-bgtech-ai,DEFAULT_GROUP'}, BootstrapPropertySource {name='bootstrapProperties-common-dev.yaml,DEFAULT_GROUP'}]
2025-07-06 20:58:21.963 [main] [traceId:] [userId:] WARN  com.alibaba.nacos.client.logging.NacosLogging - Load Logback Configuration of Nacos fail, message: Could not initialize Logback Nacos logging from classpath:nacos-logback.xml
2025-07-06 20:58:22.028 [main] [traceId:] [userId:] WARN  com.alibaba.nacos.client.logging.NacosLogging - Load Logback Configuration of Nacos fail, message: Could not initialize Logback Nacos logging from classpath:nacos-logback.xml
2025-07-06 20:58:22.261 [main] [traceId:] [userId:] WARN  com.alibaba.nacos.client.logging.NacosLogging - Load Logback Configuration of Nacos fail, message: Could not initialize Logback Nacos logging from classpath:nacos-logback.xml
2025-07-06 20:58:22.263 [main] [traceId:] [userId:] INFO  com.alibaba.nacos.client.utils.ParamUtil - [settings] [req-serv] nacos-server port:8848
2025-07-06 20:58:22.263 [main] [traceId:] [userId:] INFO  com.alibaba.nacos.client.utils.ParamUtil - [settings] [http-client] connect timeout:1000
2025-07-06 20:58:22.264 [main] [traceId:] [userId:] INFO  com.alibaba.nacos.client.utils.ParamUtil - PER_TASK_CONFIG_SIZE: 3000.0
2025-07-06 20:58:22.300 [main] [traceId:] [userId:] INFO  c.a.n.p.auth.spi.client.ClientAuthPluginManager - [ClientAuthPluginManager] Load ClientAuthService com.alibaba.nacos.client.auth.impl.NacosClientAuthServiceImpl success.
2025-07-06 20:58:22.300 [main] [traceId:] [userId:] INFO  c.a.n.p.auth.spi.client.ClientAuthPluginManager - [ClientAuthPluginManager] Load ClientAuthService com.alibaba.nacos.client.auth.ram.RamClientAuthServiceImpl success.
2025-07-06 20:58:22.303 [main] [traceId:] [userId:] INFO  c.a.n.client.auth.ram.identify.CredentialWatcher - null No credential found
2025-07-06 20:58:22.481 [main] [traceId:] [userId:] WARN  com.alibaba.nacos.client.logging.NacosLogging - Load Logback Configuration of Nacos fail, message: Could not initialize Logback Nacos logging from classpath:nacos-logback.xml
2025-07-06 20:58:22.516 [main] [traceId:] [userId:] INFO  c.a.n.client.config.impl.LocalConfigInfoProcessor - LOCAL_SNAPSHOT_PATH:C:\Users\Administrator\nacos\config
2025-07-06 20:58:22.522 [main] [traceId:] [userId:] INFO  com.alibaba.nacos.common.remote.client - [RpcClientFactory] create a new rpc client of d0c2f27a-7b64-4b25-a06a-5e7260ee526d_config-0
2025-07-06 20:58:22.542 [main] [traceId:] [userId:] INFO  com.alibaba.nacos.common.remote.client - [d0c2f27a-7b64-4b25-a06a-5e7260ee526d_config-0] Register server push request handler:com.alibaba.nacos.client.config.impl.ClientWorker$ConfigRpcTransportClient$$Lambda/0x000002548160f878
2025-07-06 20:58:22.543 [main] [traceId:] [userId:] INFO  com.alibaba.nacos.common.remote.client - [d0c2f27a-7b64-4b25-a06a-5e7260ee526d_config-0] Register server push request handler:com.alibaba.nacos.client.config.impl.ClientWorker$ConfigRpcTransportClient$$Lambda/0x000002548160fc88
2025-07-06 20:58:22.543 [main] [traceId:] [userId:] INFO  com.alibaba.nacos.common.remote.client - [d0c2f27a-7b64-4b25-a06a-5e7260ee526d_config-0] Registry connection listener to current client:com.alibaba.nacos.client.config.impl.ClientWorker$ConfigRpcTransportClient$1
2025-07-06 20:58:22.543 [main] [traceId:] [userId:] INFO  com.alibaba.nacos.common.remote.client - [d0c2f27a-7b64-4b25-a06a-5e7260ee526d_config-0] RpcClient init, ServerListFactory = com.alibaba.nacos.client.config.impl.ClientWorker$ConfigRpcTransportClient$2
2025-07-06 20:58:22.551 [main] [traceId:] [userId:] INFO  com.alibaba.nacos.common.remote.client - [d0c2f27a-7b64-4b25-a06a-5e7260ee526d_config-0] Try to connect to server on start up, server: {serverIp = '8.133.246.113', server main port = 8848}
2025-07-06 20:58:22.596 [main] [traceId:] [userId:] INFO  c.a.nacos.common.remote.client.grpc.GrpcClient - grpc client connection server:8.133.246.113 ip,serverPort:9848,grpcTslConfig:{"sslProvider":"OPENSSL","enableTls":false,"mutualAuthEnable":false,"trustAll":false}
2025-07-06 20:58:23.492 [main] [traceId:] [userId:] INFO  com.alibaba.nacos.common.remote.client - [d0c2f27a-7b64-4b25-a06a-5e7260ee526d_config-0] Success to connect to server [8.133.246.113:8848] on start up, connectionId = 1751806703159_139.226.176.198_12671
2025-07-06 20:58:23.493 [com.alibaba.nacos.client.remote.worker] [traceId:] [userId:] INFO  com.alibaba.nacos.common.remote.client - [d0c2f27a-7b64-4b25-a06a-5e7260ee526d_config-0] Notify connected event to listeners.
2025-07-06 20:58:23.493 [com.alibaba.nacos.client.remote.worker] [traceId:] [userId:] INFO  com.alibaba.nacos.client.config.impl.ClientWorker - [d0c2f27a-7b64-4b25-a06a-5e7260ee526d_config-0] Connected,notify listen context...
2025-07-06 20:58:23.493 [main] [traceId:] [userId:] INFO  com.alibaba.nacos.common.remote.client - [d0c2f27a-7b64-4b25-a06a-5e7260ee526d_config-0] Register server push request handler:com.alibaba.nacos.common.remote.client.RpcClient$ConnectResetRequestHandler
2025-07-06 20:58:23.493 [main] [traceId:] [userId:] INFO  com.alibaba.nacos.common.remote.client - [d0c2f27a-7b64-4b25-a06a-5e7260ee526d_config-0] Register server push request handler:com.alibaba.nacos.common.remote.client.RpcClient$$Lambda/0x000002548174ec00
2025-07-06 20:58:23.546 [main] [traceId:] [userId:] INFO  com.alibaba.nacos.client.config.impl.Limiter - limitTime:5.0
2025-07-06 20:58:23.566 [main] [traceId:] [userId:] WARN  c.a.cloud.nacos.client.NacosPropertySourceBuilder - Ignore the empty nacos configuration and get it based on dataId[common-dev.yaml] & group[DEFAULT_GROUP]
2025-07-06 20:58:23.576 [main] [traceId:] [userId:] WARN  c.a.cloud.nacos.client.NacosPropertySourceBuilder - Ignore the empty nacos configuration and get it based on dataId[bgtech-ai] & group[DEFAULT_GROUP]
2025-07-06 20:58:23.587 [main] [traceId:] [userId:] WARN  c.a.cloud.nacos.client.NacosPropertySourceBuilder - Ignore the empty nacos configuration and get it based on dataId[bgtech-ai.yaml] & group[DEFAULT_GROUP]
2025-07-06 20:58:23.605 [main] [traceId:] [userId:] INFO  com.alibaba.nacos.client.config.utils.JvmUtil - isMultiInstance:false
2025-07-06 20:58:23.621 [main] [traceId:] [userId:] INFO  o.s.c.b.c.PropertySourceBootstrapConfiguration - Located property source: [BootstrapPropertySource {name='bootstrapProperties-bgtech-ai-dev.yaml,DEFAULT_GROUP'}, BootstrapPropertySource {name='bootstrapProperties-bgtech-ai.yaml,DEFAULT_GROUP'}, BootstrapPropertySource {name='bootstrapProperties-bgtech-ai,DEFAULT_GROUP'}, BootstrapPropertySource {name='bootstrapProperties-common-dev.yaml,DEFAULT_GROUP'}]
2025-07-06 21:02:24.186 [main] [traceId:] [userId:] WARN  com.alibaba.nacos.client.logging.NacosLogging - Load Logback Configuration of Nacos fail, message: Could not initialize Logback Nacos logging from classpath:nacos-logback.xml
2025-07-06 21:02:24.266 [main] [traceId:] [userId:] WARN  com.alibaba.nacos.client.logging.NacosLogging - Load Logback Configuration of Nacos fail, message: Could not initialize Logback Nacos logging from classpath:nacos-logback.xml
2025-07-06 21:02:24.510 [main] [traceId:] [userId:] WARN  com.alibaba.nacos.client.logging.NacosLogging - Load Logback Configuration of Nacos fail, message: Could not initialize Logback Nacos logging from classpath:nacos-logback.xml
2025-07-06 21:02:24.512 [main] [traceId:] [userId:] INFO  com.alibaba.nacos.client.utils.ParamUtil - [settings] [req-serv] nacos-server port:8848
2025-07-06 21:02:24.512 [main] [traceId:] [userId:] INFO  com.alibaba.nacos.client.utils.ParamUtil - [settings] [http-client] connect timeout:1000
2025-07-06 21:02:24.513 [main] [traceId:] [userId:] INFO  com.alibaba.nacos.client.utils.ParamUtil - PER_TASK_CONFIG_SIZE: 3000.0
2025-07-06 21:02:24.548 [main] [traceId:] [userId:] INFO  c.a.n.p.auth.spi.client.ClientAuthPluginManager - [ClientAuthPluginManager] Load ClientAuthService com.alibaba.nacos.client.auth.impl.NacosClientAuthServiceImpl success.
2025-07-06 21:02:24.548 [main] [traceId:] [userId:] INFO  c.a.n.p.auth.spi.client.ClientAuthPluginManager - [ClientAuthPluginManager] Load ClientAuthService com.alibaba.nacos.client.auth.ram.RamClientAuthServiceImpl success.
2025-07-06 21:02:24.553 [main] [traceId:] [userId:] INFO  c.a.n.client.auth.ram.identify.CredentialWatcher - null No credential found
2025-07-06 21:02:24.752 [main] [traceId:] [userId:] WARN  com.alibaba.nacos.client.logging.NacosLogging - Load Logback Configuration of Nacos fail, message: Could not initialize Logback Nacos logging from classpath:nacos-logback.xml
2025-07-06 21:02:24.788 [main] [traceId:] [userId:] INFO  c.a.n.client.config.impl.LocalConfigInfoProcessor - LOCAL_SNAPSHOT_PATH:C:\Users\Administrator\nacos\config
2025-07-06 21:02:24.792 [main] [traceId:] [userId:] INFO  com.alibaba.nacos.common.remote.client - [RpcClientFactory] create a new rpc client of b1f9cd6f-f0f5-424d-8c61-056716cc7a16_config-0
2025-07-06 21:02:24.818 [main] [traceId:] [userId:] INFO  com.alibaba.nacos.common.remote.client - [b1f9cd6f-f0f5-424d-8c61-056716cc7a16_config-0] Register server push request handler:com.alibaba.nacos.client.config.impl.ClientWorker$ConfigRpcTransportClient$$Lambda/0x000002063a614718
2025-07-06 21:02:24.819 [main] [traceId:] [userId:] INFO  com.alibaba.nacos.common.remote.client - [b1f9cd6f-f0f5-424d-8c61-056716cc7a16_config-0] Register server push request handler:com.alibaba.nacos.client.config.impl.ClientWorker$ConfigRpcTransportClient$$Lambda/0x000002063a614b28
2025-07-06 21:02:24.819 [main] [traceId:] [userId:] INFO  com.alibaba.nacos.common.remote.client - [b1f9cd6f-f0f5-424d-8c61-056716cc7a16_config-0] Registry connection listener to current client:com.alibaba.nacos.client.config.impl.ClientWorker$ConfigRpcTransportClient$1
2025-07-06 21:02:24.820 [main] [traceId:] [userId:] INFO  com.alibaba.nacos.common.remote.client - [b1f9cd6f-f0f5-424d-8c61-056716cc7a16_config-0] RpcClient init, ServerListFactory = com.alibaba.nacos.client.config.impl.ClientWorker$ConfigRpcTransportClient$2
2025-07-06 21:02:24.829 [main] [traceId:] [userId:] INFO  com.alibaba.nacos.common.remote.client - [b1f9cd6f-f0f5-424d-8c61-056716cc7a16_config-0] Try to connect to server on start up, server: {serverIp = '8.133.246.113', server main port = 8848}
2025-07-06 21:02:24.875 [main] [traceId:] [userId:] INFO  c.a.nacos.common.remote.client.grpc.GrpcClient - grpc client connection server:8.133.246.113 ip,serverPort:9848,grpcTslConfig:{"sslProvider":"OPENSSL","enableTls":false,"mutualAuthEnable":false,"trustAll":false}
2025-07-06 21:02:25.619 [main] [traceId:] [userId:] INFO  com.alibaba.nacos.common.remote.client - [b1f9cd6f-f0f5-424d-8c61-056716cc7a16_config-0] Success to connect to server [8.133.246.113:8848] on start up, connectionId = 1751806945291_139.226.176.198_13167
2025-07-06 21:02:25.620 [com.alibaba.nacos.client.remote.worker] [traceId:] [userId:] INFO  com.alibaba.nacos.common.remote.client - [b1f9cd6f-f0f5-424d-8c61-056716cc7a16_config-0] Notify connected event to listeners.
2025-07-06 21:02:25.620 [com.alibaba.nacos.client.remote.worker] [traceId:] [userId:] INFO  com.alibaba.nacos.client.config.impl.ClientWorker - [b1f9cd6f-f0f5-424d-8c61-056716cc7a16_config-0] Connected,notify listen context...
2025-07-06 21:02:25.620 [main] [traceId:] [userId:] INFO  com.alibaba.nacos.common.remote.client - [b1f9cd6f-f0f5-424d-8c61-056716cc7a16_config-0] Register server push request handler:com.alibaba.nacos.common.remote.client.RpcClient$ConnectResetRequestHandler
2025-07-06 21:02:25.620 [main] [traceId:] [userId:] INFO  com.alibaba.nacos.common.remote.client - [b1f9cd6f-f0f5-424d-8c61-056716cc7a16_config-0] Register server push request handler:com.alibaba.nacos.common.remote.client.RpcClient$$Lambda/0x000002063a753108
2025-07-06 21:02:25.665 [main] [traceId:] [userId:] INFO  com.alibaba.nacos.client.config.impl.Limiter - limitTime:5.0
2025-07-06 21:02:25.707 [main] [traceId:] [userId:] WARN  c.a.cloud.nacos.client.NacosPropertySourceBuilder - Ignore the empty nacos configuration and get it based on dataId[common-dev.yaml] & group[DEFAULT_GROUP]
2025-07-06 21:02:25.721 [main] [traceId:] [userId:] WARN  c.a.cloud.nacos.client.NacosPropertySourceBuilder - Ignore the empty nacos configuration and get it based on dataId[bgtech-ai] & group[DEFAULT_GROUP]
2025-07-06 21:02:25.736 [main] [traceId:] [userId:] WARN  c.a.cloud.nacos.client.NacosPropertySourceBuilder - Ignore the empty nacos configuration and get it based on dataId[bgtech-ai.yaml] & group[DEFAULT_GROUP]
2025-07-06 21:02:25.756 [main] [traceId:] [userId:] INFO  com.alibaba.nacos.client.config.utils.JvmUtil - isMultiInstance:false
2025-07-06 21:02:25.773 [main] [traceId:] [userId:] INFO  o.s.c.b.c.PropertySourceBootstrapConfiguration - Located property source: [BootstrapPropertySource {name='bootstrapProperties-bgtech-ai-dev.yaml,DEFAULT_GROUP'}, BootstrapPropertySource {name='bootstrapProperties-bgtech-ai.yaml,DEFAULT_GROUP'}, BootstrapPropertySource {name='bootstrapProperties-bgtech-ai,DEFAULT_GROUP'}, BootstrapPropertySource {name='bootstrapProperties-common-dev.yaml,DEFAULT_GROUP'}]
2025-07-06 21:20:02.591 [main] [traceId:] [userId:] WARN  com.alibaba.nacos.client.logging.NacosLogging - Load Logback Configuration of Nacos fail, message: Could not initialize Logback Nacos logging from classpath:nacos-logback.xml
2025-07-06 21:20:02.648 [main] [traceId:] [userId:] WARN  com.alibaba.nacos.client.logging.NacosLogging - Load Logback Configuration of Nacos fail, message: Could not initialize Logback Nacos logging from classpath:nacos-logback.xml
2025-07-06 21:20:02.845 [main] [traceId:] [userId:] WARN  com.alibaba.nacos.client.logging.NacosLogging - Load Logback Configuration of Nacos fail, message: Could not initialize Logback Nacos logging from classpath:nacos-logback.xml
2025-07-06 21:20:02.847 [main] [traceId:] [userId:] INFO  com.alibaba.nacos.client.utils.ParamUtil - [settings] [req-serv] nacos-server port:8848
2025-07-06 21:20:02.847 [main] [traceId:] [userId:] INFO  com.alibaba.nacos.client.utils.ParamUtil - [settings] [http-client] connect timeout:1000
2025-07-06 21:20:02.848 [main] [traceId:] [userId:] INFO  com.alibaba.nacos.client.utils.ParamUtil - PER_TASK_CONFIG_SIZE: 3000.0
2025-07-06 21:20:02.882 [main] [traceId:] [userId:] INFO  c.a.n.p.auth.spi.client.ClientAuthPluginManager - [ClientAuthPluginManager] Load ClientAuthService com.alibaba.nacos.client.auth.impl.NacosClientAuthServiceImpl success.
2025-07-06 21:20:02.882 [main] [traceId:] [userId:] INFO  c.a.n.p.auth.spi.client.ClientAuthPluginManager - [ClientAuthPluginManager] Load ClientAuthService com.alibaba.nacos.client.auth.ram.RamClientAuthServiceImpl success.
2025-07-06 21:20:02.887 [main] [traceId:] [userId:] INFO  c.a.n.client.auth.ram.identify.CredentialWatcher - null No credential found
2025-07-06 21:20:03.107 [main] [traceId:] [userId:] WARN  com.alibaba.nacos.client.logging.NacosLogging - Load Logback Configuration of Nacos fail, message: Could not initialize Logback Nacos logging from classpath:nacos-logback.xml
2025-07-06 21:20:03.136 [main] [traceId:] [userId:] INFO  c.a.n.client.config.impl.LocalConfigInfoProcessor - LOCAL_SNAPSHOT_PATH:C:\Users\Administrator\nacos\config
2025-07-06 21:20:03.142 [main] [traceId:] [userId:] INFO  com.alibaba.nacos.common.remote.client - [RpcClientFactory] create a new rpc client of d7bfc090-ef7f-4514-85ca-f615aa918808_config-0
2025-07-06 21:20:03.164 [main] [traceId:] [userId:] INFO  com.alibaba.nacos.common.remote.client - [d7bfc090-ef7f-4514-85ca-f615aa918808_config-0] Register server push request handler:com.alibaba.nacos.client.config.impl.ClientWorker$ConfigRpcTransportClient$$Lambda/0x00000260925f7d80
2025-07-06 21:20:03.165 [main] [traceId:] [userId:] INFO  com.alibaba.nacos.common.remote.client - [d7bfc090-ef7f-4514-85ca-f615aa918808_config-0] Register server push request handler:com.alibaba.nacos.client.config.impl.ClientWorker$ConfigRpcTransportClient$$Lambda/0x00000260925f81f8
2025-07-06 21:20:03.165 [main] [traceId:] [userId:] INFO  com.alibaba.nacos.common.remote.client - [d7bfc090-ef7f-4514-85ca-f615aa918808_config-0] Registry connection listener to current client:com.alibaba.nacos.client.config.impl.ClientWorker$ConfigRpcTransportClient$1
2025-07-06 21:20:03.165 [main] [traceId:] [userId:] INFO  com.alibaba.nacos.common.remote.client - [d7bfc090-ef7f-4514-85ca-f615aa918808_config-0] RpcClient init, ServerListFactory = com.alibaba.nacos.client.config.impl.ClientWorker$ConfigRpcTransportClient$2
2025-07-06 21:20:03.176 [main] [traceId:] [userId:] INFO  com.alibaba.nacos.common.remote.client - [d7bfc090-ef7f-4514-85ca-f615aa918808_config-0] Try to connect to server on start up, server: {serverIp = '8.133.246.113', server main port = 8848}
2025-07-06 21:20:03.221 [main] [traceId:] [userId:] INFO  c.a.nacos.common.remote.client.grpc.GrpcClient - grpc client connection server:8.133.246.113 ip,serverPort:9848,grpcTslConfig:{"sslProvider":"OPENSSL","enableTls":false,"mutualAuthEnable":false,"trustAll":false}
2025-07-06 21:20:04.030 [main] [traceId:] [userId:] INFO  com.alibaba.nacos.common.remote.client - [d7bfc090-ef7f-4514-85ca-f615aa918808_config-0] Success to connect to server [8.133.246.113:8848] on start up, connectionId = 1751808003679_139.226.176.198_11472
2025-07-06 21:20:04.031 [com.alibaba.nacos.client.remote.worker] [traceId:] [userId:] INFO  com.alibaba.nacos.common.remote.client - [d7bfc090-ef7f-4514-85ca-f615aa918808_config-0] Notify connected event to listeners.
2025-07-06 21:20:04.031 [com.alibaba.nacos.client.remote.worker] [traceId:] [userId:] INFO  com.alibaba.nacos.client.config.impl.ClientWorker - [d7bfc090-ef7f-4514-85ca-f615aa918808_config-0] Connected,notify listen context...
2025-07-06 21:20:04.031 [main] [traceId:] [userId:] INFO  com.alibaba.nacos.common.remote.client - [d7bfc090-ef7f-4514-85ca-f615aa918808_config-0] Register server push request handler:com.alibaba.nacos.common.remote.client.RpcClient$ConnectResetRequestHandler
2025-07-06 21:20:04.031 [main] [traceId:] [userId:] INFO  com.alibaba.nacos.common.remote.client - [d7bfc090-ef7f-4514-85ca-f615aa918808_config-0] Register server push request handler:com.alibaba.nacos.common.remote.client.RpcClient$$Lambda/0x00000260927373c8
2025-07-06 21:20:04.102 [main] [traceId:] [userId:] INFO  com.alibaba.nacos.client.config.impl.Limiter - limitTime:5.0
2025-07-06 21:20:04.144 [main] [traceId:] [userId:] WARN  c.a.cloud.nacos.client.NacosPropertySourceBuilder - Ignore the empty nacos configuration and get it based on dataId[common-dev.yaml] & group[DEFAULT_GROUP]
2025-07-06 21:20:04.168 [main] [traceId:] [userId:] WARN  c.a.cloud.nacos.client.NacosPropertySourceBuilder - Ignore the empty nacos configuration and get it based on dataId[bgtech-ai] & group[DEFAULT_GROUP]
2025-07-06 21:20:04.181 [main] [traceId:] [userId:] WARN  c.a.cloud.nacos.client.NacosPropertySourceBuilder - Ignore the empty nacos configuration and get it based on dataId[bgtech-ai.yaml] & group[DEFAULT_GROUP]
2025-07-06 21:20:04.203 [main] [traceId:] [userId:] INFO  com.alibaba.nacos.client.config.utils.JvmUtil - isMultiInstance:false
2025-07-06 21:20:04.223 [main] [traceId:] [userId:] INFO  o.s.c.b.c.PropertySourceBootstrapConfiguration - Located property source: [BootstrapPropertySource {name='bootstrapProperties-bgtech-ai-dev.yaml,DEFAULT_GROUP'}, BootstrapPropertySource {name='bootstrapProperties-bgtech-ai.yaml,DEFAULT_GROUP'}, BootstrapPropertySource {name='bootstrapProperties-bgtech-ai,DEFAULT_GROUP'}, BootstrapPropertySource {name='bootstrapProperties-common-dev.yaml,DEFAULT_GROUP'}]
2025-07-06 21:25:10.599 [main] [traceId:] [userId:] WARN  com.alibaba.nacos.client.logging.NacosLogging - Load Logback Configuration of Nacos fail, message: Could not initialize Logback Nacos logging from classpath:nacos-logback.xml
2025-07-06 21:25:10.656 [main] [traceId:] [userId:] WARN  com.alibaba.nacos.client.logging.NacosLogging - Load Logback Configuration of Nacos fail, message: Could not initialize Logback Nacos logging from classpath:nacos-logback.xml
2025-07-06 21:25:10.846 [main] [traceId:] [userId:] WARN  com.alibaba.nacos.client.logging.NacosLogging - Load Logback Configuration of Nacos fail, message: Could not initialize Logback Nacos logging from classpath:nacos-logback.xml
2025-07-06 21:25:10.848 [main] [traceId:] [userId:] INFO  com.alibaba.nacos.client.utils.ParamUtil - [settings] [req-serv] nacos-server port:8848
2025-07-06 21:25:10.848 [main] [traceId:] [userId:] INFO  com.alibaba.nacos.client.utils.ParamUtil - [settings] [http-client] connect timeout:1000
2025-07-06 21:25:10.849 [main] [traceId:] [userId:] INFO  com.alibaba.nacos.client.utils.ParamUtil - PER_TASK_CONFIG_SIZE: 3000.0
2025-07-06 21:25:10.880 [main] [traceId:] [userId:] INFO  c.a.n.p.auth.spi.client.ClientAuthPluginManager - [ClientAuthPluginManager] Load ClientAuthService com.alibaba.nacos.client.auth.impl.NacosClientAuthServiceImpl success.
2025-07-06 21:25:10.880 [main] [traceId:] [userId:] INFO  c.a.n.p.auth.spi.client.ClientAuthPluginManager - [ClientAuthPluginManager] Load ClientAuthService com.alibaba.nacos.client.auth.ram.RamClientAuthServiceImpl success.
2025-07-06 21:25:10.884 [main] [traceId:] [userId:] INFO  c.a.n.client.auth.ram.identify.CredentialWatcher - null No credential found
2025-07-06 21:25:11.072 [main] [traceId:] [userId:] WARN  com.alibaba.nacos.client.logging.NacosLogging - Load Logback Configuration of Nacos fail, message: Could not initialize Logback Nacos logging from classpath:nacos-logback.xml
2025-07-06 21:25:11.109 [main] [traceId:] [userId:] INFO  c.a.n.client.config.impl.LocalConfigInfoProcessor - LOCAL_SNAPSHOT_PATH:C:\Users\Administrator\nacos\config
2025-07-06 21:25:11.117 [main] [traceId:] [userId:] INFO  com.alibaba.nacos.common.remote.client - [RpcClientFactory] create a new rpc client of ce1e3de5-6609-4de2-9110-34a09e921763_config-0
2025-07-06 21:25:11.143 [main] [traceId:] [userId:] INFO  com.alibaba.nacos.common.remote.client - [ce1e3de5-6609-4de2-9110-34a09e921763_config-0] Register server push request handler:com.alibaba.nacos.client.config.impl.ClientWorker$ConfigRpcTransportClient$$Lambda/0x0000020a495fb0a0
2025-07-06 21:25:11.144 [main] [traceId:] [userId:] INFO  com.alibaba.nacos.common.remote.client - [ce1e3de5-6609-4de2-9110-34a09e921763_config-0] Register server push request handler:com.alibaba.nacos.client.config.impl.ClientWorker$ConfigRpcTransportClient$$Lambda/0x0000020a495fb4b0
2025-07-06 21:25:11.144 [main] [traceId:] [userId:] INFO  com.alibaba.nacos.common.remote.client - [ce1e3de5-6609-4de2-9110-34a09e921763_config-0] Registry connection listener to current client:com.alibaba.nacos.client.config.impl.ClientWorker$ConfigRpcTransportClient$1
2025-07-06 21:25:11.145 [main] [traceId:] [userId:] INFO  com.alibaba.nacos.common.remote.client - [ce1e3de5-6609-4de2-9110-34a09e921763_config-0] RpcClient init, ServerListFactory = com.alibaba.nacos.client.config.impl.ClientWorker$ConfigRpcTransportClient$2
2025-07-06 21:25:11.156 [main] [traceId:] [userId:] INFO  com.alibaba.nacos.common.remote.client - [ce1e3de5-6609-4de2-9110-34a09e921763_config-0] Try to connect to server on start up, server: {serverIp = '8.133.246.113', server main port = 8848}
2025-07-06 21:25:11.206 [main] [traceId:] [userId:] INFO  c.a.nacos.common.remote.client.grpc.GrpcClient - grpc client connection server:8.133.246.113 ip,serverPort:9848,grpcTslConfig:{"sslProvider":"OPENSSL","enableTls":false,"mutualAuthEnable":false,"trustAll":false}
2025-07-06 21:25:12.050 [main] [traceId:] [userId:] INFO  com.alibaba.nacos.common.remote.client - [ce1e3de5-6609-4de2-9110-34a09e921763_config-0] Success to connect to server [8.133.246.113:8848] on start up, connectionId = 1751808311716_139.226.176.198_12158
2025-07-06 21:25:12.051 [com.alibaba.nacos.client.remote.worker] [traceId:] [userId:] INFO  com.alibaba.nacos.common.remote.client - [ce1e3de5-6609-4de2-9110-34a09e921763_config-0] Notify connected event to listeners.
2025-07-06 21:25:12.051 [com.alibaba.nacos.client.remote.worker] [traceId:] [userId:] INFO  com.alibaba.nacos.client.config.impl.ClientWorker - [ce1e3de5-6609-4de2-9110-34a09e921763_config-0] Connected,notify listen context...
2025-07-06 21:25:12.051 [main] [traceId:] [userId:] INFO  com.alibaba.nacos.common.remote.client - [ce1e3de5-6609-4de2-9110-34a09e921763_config-0] Register server push request handler:com.alibaba.nacos.common.remote.client.RpcClient$ConnectResetRequestHandler
2025-07-06 21:25:12.051 [main] [traceId:] [userId:] INFO  com.alibaba.nacos.common.remote.client - [ce1e3de5-6609-4de2-9110-34a09e921763_config-0] Register server push request handler:com.alibaba.nacos.common.remote.client.RpcClient$$Lambda/0x0000020a49739638
2025-07-06 21:25:12.090 [main] [traceId:] [userId:] INFO  com.alibaba.nacos.client.config.impl.Limiter - limitTime:5.0
2025-07-06 21:25:12.111 [main] [traceId:] [userId:] WARN  c.a.cloud.nacos.client.NacosPropertySourceBuilder - Ignore the empty nacos configuration and get it based on dataId[common-dev.yaml] & group[DEFAULT_GROUP]
2025-07-06 21:25:12.123 [main] [traceId:] [userId:] WARN  c.a.cloud.nacos.client.NacosPropertySourceBuilder - Ignore the empty nacos configuration and get it based on dataId[bgtech-ai] & group[DEFAULT_GROUP]
2025-07-06 21:25:12.132 [main] [traceId:] [userId:] WARN  c.a.cloud.nacos.client.NacosPropertySourceBuilder - Ignore the empty nacos configuration and get it based on dataId[bgtech-ai.yaml] & group[DEFAULT_GROUP]
2025-07-06 21:25:12.150 [main] [traceId:] [userId:] INFO  com.alibaba.nacos.client.config.utils.JvmUtil - isMultiInstance:false
2025-07-06 21:25:12.164 [main] [traceId:] [userId:] INFO  o.s.c.b.c.PropertySourceBootstrapConfiguration - Located property source: [BootstrapPropertySource {name='bootstrapProperties-bgtech-ai-dev.yaml,DEFAULT_GROUP'}, BootstrapPropertySource {name='bootstrapProperties-bgtech-ai.yaml,DEFAULT_GROUP'}, BootstrapPropertySource {name='bootstrapProperties-bgtech-ai,DEFAULT_GROUP'}, BootstrapPropertySource {name='bootstrapProperties-common-dev.yaml,DEFAULT_GROUP'}]
2025-07-06 21:34:06.528 [main] [traceId:] [userId:] WARN  com.alibaba.nacos.client.logging.NacosLogging - Load Logback Configuration of Nacos fail, message: Could not initialize Logback Nacos logging from classpath:nacos-logback.xml
2025-07-06 21:34:06.593 [main] [traceId:] [userId:] WARN  com.alibaba.nacos.client.logging.NacosLogging - Load Logback Configuration of Nacos fail, message: Could not initialize Logback Nacos logging from classpath:nacos-logback.xml
2025-07-06 21:34:06.813 [main] [traceId:] [userId:] WARN  com.alibaba.nacos.client.logging.NacosLogging - Load Logback Configuration of Nacos fail, message: Could not initialize Logback Nacos logging from classpath:nacos-logback.xml
2025-07-06 21:34:06.815 [main] [traceId:] [userId:] INFO  com.alibaba.nacos.client.utils.ParamUtil - [settings] [req-serv] nacos-server port:8848
2025-07-06 21:34:06.815 [main] [traceId:] [userId:] INFO  com.alibaba.nacos.client.utils.ParamUtil - [settings] [http-client] connect timeout:1000
2025-07-06 21:34:06.817 [main] [traceId:] [userId:] INFO  com.alibaba.nacos.client.utils.ParamUtil - PER_TASK_CONFIG_SIZE: 3000.0
2025-07-06 21:34:06.860 [main] [traceId:] [userId:] INFO  c.a.n.p.auth.spi.client.ClientAuthPluginManager - [ClientAuthPluginManager] Load ClientAuthService com.alibaba.nacos.client.auth.impl.NacosClientAuthServiceImpl success.
2025-07-06 21:34:06.860 [main] [traceId:] [userId:] INFO  c.a.n.p.auth.spi.client.ClientAuthPluginManager - [ClientAuthPluginManager] Load ClientAuthService com.alibaba.nacos.client.auth.ram.RamClientAuthServiceImpl success.
2025-07-06 21:34:06.865 [main] [traceId:] [userId:] INFO  c.a.n.client.auth.ram.identify.CredentialWatcher - null No credential found
2025-07-06 21:34:07.079 [main] [traceId:] [userId:] WARN  com.alibaba.nacos.client.logging.NacosLogging - Load Logback Configuration of Nacos fail, message: Could not initialize Logback Nacos logging from classpath:nacos-logback.xml
2025-07-06 21:34:07.115 [main] [traceId:] [userId:] INFO  c.a.n.client.config.impl.LocalConfigInfoProcessor - LOCAL_SNAPSHOT_PATH:C:\Users\Administrator\nacos\config
2025-07-06 21:34:07.124 [main] [traceId:] [userId:] INFO  com.alibaba.nacos.common.remote.client - [RpcClientFactory] create a new rpc client of 71897c06-ffac-48f2-9821-5a34f8820698_config-0
2025-07-06 21:34:07.168 [main] [traceId:] [userId:] INFO  com.alibaba.nacos.common.remote.client - [71897c06-ffac-48f2-9821-5a34f8820698_config-0] Register server push request handler:com.alibaba.nacos.client.config.impl.ClientWorker$ConfigRpcTransportClient$$Lambda/0x000001dc0960b8a8
2025-07-06 21:34:07.169 [main] [traceId:] [userId:] INFO  com.alibaba.nacos.common.remote.client - [71897c06-ffac-48f2-9821-5a34f8820698_config-0] Register server push request handler:com.alibaba.nacos.client.config.impl.ClientWorker$ConfigRpcTransportClient$$Lambda/0x000001dc0960bcb8
2025-07-06 21:34:07.169 [main] [traceId:] [userId:] INFO  com.alibaba.nacos.common.remote.client - [71897c06-ffac-48f2-9821-5a34f8820698_config-0] Registry connection listener to current client:com.alibaba.nacos.client.config.impl.ClientWorker$ConfigRpcTransportClient$1
2025-07-06 21:34:07.170 [main] [traceId:] [userId:] INFO  com.alibaba.nacos.common.remote.client - [71897c06-ffac-48f2-9821-5a34f8820698_config-0] RpcClient init, ServerListFactory = com.alibaba.nacos.client.config.impl.ClientWorker$ConfigRpcTransportClient$2
2025-07-06 21:34:07.182 [main] [traceId:] [userId:] INFO  com.alibaba.nacos.common.remote.client - [71897c06-ffac-48f2-9821-5a34f8820698_config-0] Try to connect to server on start up, server: {serverIp = '8.133.246.113', server main port = 8848}
2025-07-06 21:34:07.240 [main] [traceId:] [userId:] INFO  c.a.nacos.common.remote.client.grpc.GrpcClient - grpc client connection server:8.133.246.113 ip,serverPort:9848,grpcTslConfig:{"sslProvider":"OPENSSL","enableTls":false,"mutualAuthEnable":false,"trustAll":false}
2025-07-06 21:34:08.180 [main] [traceId:] [userId:] INFO  com.alibaba.nacos.common.remote.client - [71897c06-ffac-48f2-9821-5a34f8820698_config-0] Success to connect to server [8.133.246.113:8848] on start up, connectionId = 1751808847833_139.226.176.198_11393
2025-07-06 21:34:08.186 [com.alibaba.nacos.client.remote.worker] [traceId:] [userId:] INFO  com.alibaba.nacos.common.remote.client - [71897c06-ffac-48f2-9821-5a34f8820698_config-0] Notify connected event to listeners.
2025-07-06 21:34:08.186 [com.alibaba.nacos.client.remote.worker] [traceId:] [userId:] INFO  com.alibaba.nacos.client.config.impl.ClientWorker - [71897c06-ffac-48f2-9821-5a34f8820698_config-0] Connected,notify listen context...
2025-07-06 21:34:08.187 [main] [traceId:] [userId:] INFO  com.alibaba.nacos.common.remote.client - [71897c06-ffac-48f2-9821-5a34f8820698_config-0] Register server push request handler:com.alibaba.nacos.common.remote.client.RpcClient$ConnectResetRequestHandler
2025-07-06 21:34:08.188 [main] [traceId:] [userId:] INFO  com.alibaba.nacos.common.remote.client - [71897c06-ffac-48f2-9821-5a34f8820698_config-0] Register server push request handler:com.alibaba.nacos.common.remote.client.RpcClient$$Lambda/0x000001dc0974a998
2025-07-06 21:34:08.260 [main] [traceId:] [userId:] INFO  com.alibaba.nacos.client.config.impl.Limiter - limitTime:5.0
2025-07-06 21:34:08.285 [main] [traceId:] [userId:] WARN  c.a.cloud.nacos.client.NacosPropertySourceBuilder - Ignore the empty nacos configuration and get it based on dataId[common-dev.yaml] & group[DEFAULT_GROUP]
2025-07-06 21:34:08.296 [main] [traceId:] [userId:] WARN  c.a.cloud.nacos.client.NacosPropertySourceBuilder - Ignore the empty nacos configuration and get it based on dataId[bgtech-ai] & group[DEFAULT_GROUP]
2025-07-06 21:34:08.304 [main] [traceId:] [userId:] WARN  c.a.cloud.nacos.client.NacosPropertySourceBuilder - Ignore the empty nacos configuration and get it based on dataId[bgtech-ai.yaml] & group[DEFAULT_GROUP]
2025-07-06 21:34:08.320 [main] [traceId:] [userId:] INFO  com.alibaba.nacos.client.config.utils.JvmUtil - isMultiInstance:false
2025-07-06 21:34:08.339 [main] [traceId:] [userId:] INFO  o.s.c.b.c.PropertySourceBootstrapConfiguration - Located property source: [BootstrapPropertySource {name='bootstrapProperties-bgtech-ai-dev.yaml,DEFAULT_GROUP'}, BootstrapPropertySource {name='bootstrapProperties-bgtech-ai.yaml,DEFAULT_GROUP'}, BootstrapPropertySource {name='bootstrapProperties-bgtech-ai,DEFAULT_GROUP'}, BootstrapPropertySource {name='bootstrapProperties-common-dev.yaml,DEFAULT_GROUP'}]
2025-07-06 21:37:04.311 [main] [traceId:] [userId:] WARN  com.alibaba.nacos.client.logging.NacosLogging - Load Logback Configuration of Nacos fail, message: Could not initialize Logback Nacos logging from classpath:nacos-logback.xml
2025-07-06 21:37:04.815 [main] [traceId:] [userId:] WARN  com.alibaba.nacos.client.logging.NacosLogging - Load Logback Configuration of Nacos fail, message: Could not initialize Logback Nacos logging from classpath:nacos-logback.xml
2025-07-06 21:37:05.366 [main] [traceId:] [userId:] WARN  com.alibaba.nacos.client.logging.NacosLogging - Load Logback Configuration of Nacos fail, message: Could not initialize Logback Nacos logging from classpath:nacos-logback.xml
2025-07-06 21:37:05.369 [main] [traceId:] [userId:] INFO  com.alibaba.nacos.client.utils.ParamUtil - [settings] [req-serv] nacos-server port:8848
2025-07-06 21:37:05.369 [main] [traceId:] [userId:] INFO  com.alibaba.nacos.client.utils.ParamUtil - [settings] [http-client] connect timeout:1000
2025-07-06 21:37:05.371 [main] [traceId:] [userId:] INFO  com.alibaba.nacos.client.utils.ParamUtil - PER_TASK_CONFIG_SIZE: 3000.0
2025-07-06 21:37:05.432 [main] [traceId:] [userId:] INFO  c.a.n.p.auth.spi.client.ClientAuthPluginManager - [ClientAuthPluginManager] Load ClientAuthService com.alibaba.nacos.client.auth.impl.NacosClientAuthServiceImpl success.
2025-07-06 21:37:05.432 [main] [traceId:] [userId:] INFO  c.a.n.p.auth.spi.client.ClientAuthPluginManager - [ClientAuthPluginManager] Load ClientAuthService com.alibaba.nacos.client.auth.ram.RamClientAuthServiceImpl success.
2025-07-06 21:37:05.438 [main] [traceId:] [userId:] INFO  c.a.n.client.auth.ram.identify.CredentialWatcher - null No credential found
2025-07-06 21:37:05.972 [main] [traceId:] [userId:] WARN  com.alibaba.nacos.client.logging.NacosLogging - Load Logback Configuration of Nacos fail, message: Could not initialize Logback Nacos logging from classpath:nacos-logback.xml
2025-07-06 21:37:06.014 [main] [traceId:] [userId:] INFO  c.a.n.client.config.impl.LocalConfigInfoProcessor - LOCAL_SNAPSHOT_PATH:C:\Users\Administrator\nacos\config
2025-07-06 21:37:06.024 [main] [traceId:] [userId:] INFO  com.alibaba.nacos.common.remote.client - [RpcClientFactory] create a new rpc client of 2350cca8-03a8-46eb-8434-7e3746e0bb63_config-0
2025-07-06 21:37:06.052 [main] [traceId:] [userId:] INFO  com.alibaba.nacos.common.remote.client - [2350cca8-03a8-46eb-8434-7e3746e0bb63_config-0] Register server push request handler:com.alibaba.nacos.client.config.impl.ClientWorker$ConfigRpcTransportClient$$Lambda/0x00000221cc6059f8
2025-07-06 21:37:06.052 [main] [traceId:] [userId:] INFO  com.alibaba.nacos.common.remote.client - [2350cca8-03a8-46eb-8434-7e3746e0bb63_config-0] Register server push request handler:com.alibaba.nacos.client.config.impl.ClientWorker$ConfigRpcTransportClient$$Lambda/0x00000221cc605e08
2025-07-06 21:37:06.052 [main] [traceId:] [userId:] INFO  com.alibaba.nacos.common.remote.client - [2350cca8-03a8-46eb-8434-7e3746e0bb63_config-0] Registry connection listener to current client:com.alibaba.nacos.client.config.impl.ClientWorker$ConfigRpcTransportClient$1
2025-07-06 21:37:06.053 [main] [traceId:] [userId:] INFO  com.alibaba.nacos.common.remote.client - [2350cca8-03a8-46eb-8434-7e3746e0bb63_config-0] RpcClient init, ServerListFactory = com.alibaba.nacos.client.config.impl.ClientWorker$ConfigRpcTransportClient$2
2025-07-06 21:37:06.062 [main] [traceId:] [userId:] INFO  com.alibaba.nacos.common.remote.client - [2350cca8-03a8-46eb-8434-7e3746e0bb63_config-0] Try to connect to server on start up, server: {serverIp = '8.133.246.113', server main port = 8848}
2025-07-06 21:37:06.114 [main] [traceId:] [userId:] INFO  c.a.nacos.common.remote.client.grpc.GrpcClient - grpc client connection server:8.133.246.113 ip,serverPort:9848,grpcTslConfig:{"sslProvider":"OPENSSL","enableTls":false,"mutualAuthEnable":false,"trustAll":false}
2025-07-06 21:37:07.172 [main] [traceId:] [userId:] INFO  com.alibaba.nacos.common.remote.client - [2350cca8-03a8-46eb-8434-7e3746e0bb63_config-0] Success to connect to server [8.133.246.113:8848] on start up, connectionId = 1751809026795_139.226.176.198_11759
2025-07-06 21:37:07.174 [com.alibaba.nacos.client.remote.worker] [traceId:] [userId:] INFO  com.alibaba.nacos.common.remote.client - [2350cca8-03a8-46eb-8434-7e3746e0bb63_config-0] Notify connected event to listeners.
2025-07-06 21:37:07.174 [com.alibaba.nacos.client.remote.worker] [traceId:] [userId:] INFO  com.alibaba.nacos.client.config.impl.ClientWorker - [2350cca8-03a8-46eb-8434-7e3746e0bb63_config-0] Connected,notify listen context...
2025-07-06 21:37:07.174 [main] [traceId:] [userId:] INFO  com.alibaba.nacos.common.remote.client - [2350cca8-03a8-46eb-8434-7e3746e0bb63_config-0] Register server push request handler:com.alibaba.nacos.common.remote.client.RpcClient$ConnectResetRequestHandler
2025-07-06 21:37:07.174 [main] [traceId:] [userId:] INFO  com.alibaba.nacos.common.remote.client - [2350cca8-03a8-46eb-8434-7e3746e0bb63_config-0] Register server push request handler:com.alibaba.nacos.common.remote.client.RpcClient$$Lambda/0x00000221cc7445d8
2025-07-06 21:37:07.214 [main] [traceId:] [userId:] INFO  com.alibaba.nacos.client.config.impl.Limiter - limitTime:5.0
2025-07-06 21:37:07.234 [main] [traceId:] [userId:] WARN  c.a.cloud.nacos.client.NacosPropertySourceBuilder - Ignore the empty nacos configuration and get it based on dataId[common-dev.yaml] & group[DEFAULT_GROUP]
2025-07-06 21:37:07.249 [main] [traceId:] [userId:] WARN  c.a.cloud.nacos.client.NacosPropertySourceBuilder - Ignore the empty nacos configuration and get it based on dataId[bgtech-ai] & group[DEFAULT_GROUP]
2025-07-06 21:37:07.257 [main] [traceId:] [userId:] WARN  c.a.cloud.nacos.client.NacosPropertySourceBuilder - Ignore the empty nacos configuration and get it based on dataId[bgtech-ai.yaml] & group[DEFAULT_GROUP]
2025-07-06 21:37:07.272 [main] [traceId:] [userId:] INFO  com.alibaba.nacos.client.config.utils.JvmUtil - isMultiInstance:false
2025-07-06 21:37:07.288 [main] [traceId:] [userId:] INFO  o.s.c.b.c.PropertySourceBootstrapConfiguration - Located property source: [BootstrapPropertySource {name='bootstrapProperties-bgtech-ai-dev.yaml,DEFAULT_GROUP'}, BootstrapPropertySource {name='bootstrapProperties-bgtech-ai.yaml,DEFAULT_GROUP'}, BootstrapPropertySource {name='bootstrapProperties-bgtech-ai,DEFAULT_GROUP'}, BootstrapPropertySource {name='bootstrapProperties-common-dev.yaml,DEFAULT_GROUP'}]
2025-07-06 21:42:16.998 [main] [traceId:] [userId:] WARN  com.alibaba.nacos.client.logging.NacosLogging - Load Logback Configuration of Nacos fail, message: Could not initialize Logback Nacos logging from classpath:nacos-logback.xml
2025-07-06 21:42:17.061 [main] [traceId:] [userId:] WARN  com.alibaba.nacos.client.logging.NacosLogging - Load Logback Configuration of Nacos fail, message: Could not initialize Logback Nacos logging from classpath:nacos-logback.xml
2025-07-06 21:42:17.267 [main] [traceId:] [userId:] WARN  com.alibaba.nacos.client.logging.NacosLogging - Load Logback Configuration of Nacos fail, message: Could not initialize Logback Nacos logging from classpath:nacos-logback.xml
2025-07-06 21:42:17.270 [main] [traceId:] [userId:] INFO  com.alibaba.nacos.client.utils.ParamUtil - [settings] [req-serv] nacos-server port:8848
2025-07-06 21:42:17.270 [main] [traceId:] [userId:] INFO  com.alibaba.nacos.client.utils.ParamUtil - [settings] [http-client] connect timeout:1000
2025-07-06 21:42:17.271 [main] [traceId:] [userId:] INFO  com.alibaba.nacos.client.utils.ParamUtil - PER_TASK_CONFIG_SIZE: 3000.0
2025-07-06 21:42:17.301 [main] [traceId:] [userId:] INFO  c.a.n.p.auth.spi.client.ClientAuthPluginManager - [ClientAuthPluginManager] Load ClientAuthService com.alibaba.nacos.client.auth.impl.NacosClientAuthServiceImpl success.
2025-07-06 21:42:17.301 [main] [traceId:] [userId:] INFO  c.a.n.p.auth.spi.client.ClientAuthPluginManager - [ClientAuthPluginManager] Load ClientAuthService com.alibaba.nacos.client.auth.ram.RamClientAuthServiceImpl success.
2025-07-06 21:42:17.305 [main] [traceId:] [userId:] INFO  c.a.n.client.auth.ram.identify.CredentialWatcher - null No credential found
2025-07-06 21:42:17.464 [main] [traceId:] [userId:] WARN  com.alibaba.nacos.client.logging.NacosLogging - Load Logback Configuration of Nacos fail, message: Could not initialize Logback Nacos logging from classpath:nacos-logback.xml
2025-07-06 21:42:17.493 [main] [traceId:] [userId:] INFO  c.a.n.client.config.impl.LocalConfigInfoProcessor - LOCAL_SNAPSHOT_PATH:C:\Users\Administrator\nacos\config
2025-07-06 21:42:17.498 [main] [traceId:] [userId:] INFO  com.alibaba.nacos.common.remote.client - [RpcClientFactory] create a new rpc client of dad80615-9ccf-43f6-b796-d5fc15cf0323_config-0
2025-07-06 21:42:17.523 [main] [traceId:] [userId:] INFO  com.alibaba.nacos.common.remote.client - [dad80615-9ccf-43f6-b796-d5fc15cf0323_config-0] Register server push request handler:com.alibaba.nacos.client.config.impl.ClientWorker$ConfigRpcTransportClient$$Lambda/0x000001b03d63adc8
2025-07-06 21:42:17.523 [main] [traceId:] [userId:] INFO  com.alibaba.nacos.common.remote.client - [dad80615-9ccf-43f6-b796-d5fc15cf0323_config-0] Register server push request handler:com.alibaba.nacos.client.config.impl.ClientWorker$ConfigRpcTransportClient$$Lambda/0x000001b03d63b1d8
2025-07-06 21:42:17.523 [main] [traceId:] [userId:] INFO  com.alibaba.nacos.common.remote.client - [dad80615-9ccf-43f6-b796-d5fc15cf0323_config-0] Registry connection listener to current client:com.alibaba.nacos.client.config.impl.ClientWorker$ConfigRpcTransportClient$1
2025-07-06 21:42:17.524 [main] [traceId:] [userId:] INFO  com.alibaba.nacos.common.remote.client - [dad80615-9ccf-43f6-b796-d5fc15cf0323_config-0] RpcClient init, ServerListFactory = com.alibaba.nacos.client.config.impl.ClientWorker$ConfigRpcTransportClient$2
2025-07-06 21:42:17.532 [main] [traceId:] [userId:] INFO  com.alibaba.nacos.common.remote.client - [dad80615-9ccf-43f6-b796-d5fc15cf0323_config-0] Try to connect to server on start up, server: {serverIp = '8.133.246.113', server main port = 8848}
2025-07-06 21:42:17.570 [main] [traceId:] [userId:] INFO  c.a.nacos.common.remote.client.grpc.GrpcClient - grpc client connection server:8.133.246.113 ip,serverPort:9848,grpcTslConfig:{"sslProvider":"OPENSSL","enableTls":false,"mutualAuthEnable":false,"trustAll":false}
2025-07-06 21:42:18.335 [main] [traceId:] [userId:] INFO  com.alibaba.nacos.common.remote.client - [dad80615-9ccf-43f6-b796-d5fc15cf0323_config-0] Success to connect to server [8.133.246.113:8848] on start up, connectionId = 1751809338014_139.226.176.198_12719
2025-07-06 21:42:18.335 [com.alibaba.nacos.client.remote.worker] [traceId:] [userId:] INFO  com.alibaba.nacos.common.remote.client - [dad80615-9ccf-43f6-b796-d5fc15cf0323_config-0] Notify connected event to listeners.
2025-07-06 21:42:18.336 [com.alibaba.nacos.client.remote.worker] [traceId:] [userId:] INFO  com.alibaba.nacos.client.config.impl.ClientWorker - [dad80615-9ccf-43f6-b796-d5fc15cf0323_config-0] Connected,notify listen context...
2025-07-06 21:42:18.336 [main] [traceId:] [userId:] INFO  com.alibaba.nacos.common.remote.client - [dad80615-9ccf-43f6-b796-d5fc15cf0323_config-0] Register server push request handler:com.alibaba.nacos.common.remote.client.RpcClient$ConnectResetRequestHandler
2025-07-06 21:42:18.336 [main] [traceId:] [userId:] INFO  com.alibaba.nacos.common.remote.client - [dad80615-9ccf-43f6-b796-d5fc15cf0323_config-0] Register server push request handler:com.alibaba.nacos.common.remote.client.RpcClient$$Lambda/0x000001b03d779638
2025-07-06 21:42:18.374 [main] [traceId:] [userId:] INFO  com.alibaba.nacos.client.config.impl.Limiter - limitTime:5.0
2025-07-06 21:42:18.394 [main] [traceId:] [userId:] WARN  c.a.cloud.nacos.client.NacosPropertySourceBuilder - Ignore the empty nacos configuration and get it based on dataId[common-dev.yaml] & group[DEFAULT_GROUP]
2025-07-06 21:42:18.405 [main] [traceId:] [userId:] WARN  c.a.cloud.nacos.client.NacosPropertySourceBuilder - Ignore the empty nacos configuration and get it based on dataId[bgtech-ai] & group[DEFAULT_GROUP]
2025-07-06 21:42:18.415 [main] [traceId:] [userId:] WARN  c.a.cloud.nacos.client.NacosPropertySourceBuilder - Ignore the empty nacos configuration and get it based on dataId[bgtech-ai.yaml] & group[DEFAULT_GROUP]
2025-07-06 21:42:18.431 [main] [traceId:] [userId:] INFO  com.alibaba.nacos.client.config.utils.JvmUtil - isMultiInstance:false
2025-07-06 21:42:18.447 [main] [traceId:] [userId:] INFO  o.s.c.b.c.PropertySourceBootstrapConfiguration - Located property source: [BootstrapPropertySource {name='bootstrapProperties-bgtech-ai-dev.yaml,DEFAULT_GROUP'}, BootstrapPropertySource {name='bootstrapProperties-bgtech-ai.yaml,DEFAULT_GROUP'}, BootstrapPropertySource {name='bootstrapProperties-bgtech-ai,DEFAULT_GROUP'}, BootstrapPropertySource {name='bootstrapProperties-common-dev.yaml,DEFAULT_GROUP'}]
2025-07-06 21:53:46.313 [main] [traceId:] [userId:] WARN  com.alibaba.nacos.client.logging.NacosLogging - Load Logback Configuration of Nacos fail, message: Could not initialize Logback Nacos logging from classpath:nacos-logback.xml
2025-07-06 21:53:46.372 [main] [traceId:] [userId:] WARN  com.alibaba.nacos.client.logging.NacosLogging - Load Logback Configuration of Nacos fail, message: Could not initialize Logback Nacos logging from classpath:nacos-logback.xml
2025-07-06 21:53:46.602 [main] [traceId:] [userId:] WARN  com.alibaba.nacos.client.logging.NacosLogging - Load Logback Configuration of Nacos fail, message: Could not initialize Logback Nacos logging from classpath:nacos-logback.xml
2025-07-06 21:53:46.604 [main] [traceId:] [userId:] INFO  com.alibaba.nacos.client.utils.ParamUtil - [settings] [req-serv] nacos-server port:8848
2025-07-06 21:53:46.605 [main] [traceId:] [userId:] INFO  com.alibaba.nacos.client.utils.ParamUtil - [settings] [http-client] connect timeout:1000
2025-07-06 21:53:46.606 [main] [traceId:] [userId:] INFO  com.alibaba.nacos.client.utils.ParamUtil - PER_TASK_CONFIG_SIZE: 3000.0
2025-07-06 21:53:46.652 [main] [traceId:] [userId:] INFO  c.a.n.p.auth.spi.client.ClientAuthPluginManager - [ClientAuthPluginManager] Load ClientAuthService com.alibaba.nacos.client.auth.impl.NacosClientAuthServiceImpl success.
2025-07-06 21:53:46.652 [main] [traceId:] [userId:] INFO  c.a.n.p.auth.spi.client.ClientAuthPluginManager - [ClientAuthPluginManager] Load ClientAuthService com.alibaba.nacos.client.auth.ram.RamClientAuthServiceImpl success.
2025-07-06 21:53:46.657 [main] [traceId:] [userId:] INFO  c.a.n.client.auth.ram.identify.CredentialWatcher - null No credential found
2025-07-06 21:53:46.855 [main] [traceId:] [userId:] WARN  com.alibaba.nacos.client.logging.NacosLogging - Load Logback Configuration of Nacos fail, message: Could not initialize Logback Nacos logging from classpath:nacos-logback.xml
2025-07-06 21:53:46.891 [main] [traceId:] [userId:] INFO  c.a.n.client.config.impl.LocalConfigInfoProcessor - LOCAL_SNAPSHOT_PATH:C:\Users\Administrator\nacos\config
2025-07-06 21:53:46.896 [main] [traceId:] [userId:] INFO  com.alibaba.nacos.common.remote.client - [RpcClientFactory] create a new rpc client of 4bc6f3e9-fdee-4530-886f-dfd9b3608597_config-0
2025-07-06 21:53:46.923 [main] [traceId:] [userId:] INFO  com.alibaba.nacos.common.remote.client - [4bc6f3e9-fdee-4530-886f-dfd9b3608597_config-0] Register server push request handler:com.alibaba.nacos.client.config.impl.ClientWorker$ConfigRpcTransportClient$$Lambda/0x0000020b01605558
2025-07-06 21:53:46.923 [main] [traceId:] [userId:] INFO  com.alibaba.nacos.common.remote.client - [4bc6f3e9-fdee-4530-886f-dfd9b3608597_config-0] Register server push request handler:com.alibaba.nacos.client.config.impl.ClientWorker$ConfigRpcTransportClient$$Lambda/0x0000020b01605968
2025-07-06 21:53:46.924 [main] [traceId:] [userId:] INFO  com.alibaba.nacos.common.remote.client - [4bc6f3e9-fdee-4530-886f-dfd9b3608597_config-0] Registry connection listener to current client:com.alibaba.nacos.client.config.impl.ClientWorker$ConfigRpcTransportClient$1
2025-07-06 21:53:46.924 [main] [traceId:] [userId:] INFO  com.alibaba.nacos.common.remote.client - [4bc6f3e9-fdee-4530-886f-dfd9b3608597_config-0] RpcClient init, ServerListFactory = com.alibaba.nacos.client.config.impl.ClientWorker$ConfigRpcTransportClient$2
2025-07-06 21:53:46.934 [main] [traceId:] [userId:] INFO  com.alibaba.nacos.common.remote.client - [4bc6f3e9-fdee-4530-886f-dfd9b3608597_config-0] Try to connect to server on start up, server: {serverIp = '8.133.246.113', server main port = 8848}
2025-07-06 21:53:46.980 [main] [traceId:] [userId:] INFO  c.a.nacos.common.remote.client.grpc.GrpcClient - grpc client connection server:8.133.246.113 ip,serverPort:9848,grpcTslConfig:{"sslProvider":"OPENSSL","enableTls":false,"mutualAuthEnable":false,"trustAll":false}
2025-07-06 21:53:47.755 [main] [traceId:] [userId:] INFO  com.alibaba.nacos.common.remote.client - [4bc6f3e9-fdee-4530-886f-dfd9b3608597_config-0] Success to connect to server [8.133.246.113:8848] on start up, connectionId = 1751810027421_139.226.176.198_12522
2025-07-06 21:53:47.756 [com.alibaba.nacos.client.remote.worker] [traceId:] [userId:] INFO  com.alibaba.nacos.common.remote.client - [4bc6f3e9-fdee-4530-886f-dfd9b3608597_config-0] Notify connected event to listeners.
2025-07-06 21:53:47.756 [com.alibaba.nacos.client.remote.worker] [traceId:] [userId:] INFO  com.alibaba.nacos.client.config.impl.ClientWorker - [4bc6f3e9-fdee-4530-886f-dfd9b3608597_config-0] Connected,notify listen context...
2025-07-06 21:53:47.756 [main] [traceId:] [userId:] INFO  com.alibaba.nacos.common.remote.client - [4bc6f3e9-fdee-4530-886f-dfd9b3608597_config-0] Register server push request handler:com.alibaba.nacos.common.remote.client.RpcClient$ConnectResetRequestHandler
2025-07-06 21:53:47.757 [main] [traceId:] [userId:] INFO  com.alibaba.nacos.common.remote.client - [4bc6f3e9-fdee-4530-886f-dfd9b3608597_config-0] Register server push request handler:com.alibaba.nacos.common.remote.client.RpcClient$$Lambda/0x0000020b017439b0
2025-07-06 21:53:47.805 [main] [traceId:] [userId:] INFO  com.alibaba.nacos.client.config.impl.Limiter - limitTime:5.0
2025-07-06 21:53:47.890 [main] [traceId:] [userId:] WARN  c.a.cloud.nacos.client.NacosPropertySourceBuilder - Ignore the empty nacos configuration and get it based on dataId[common-dev.yaml] & group[DEFAULT_GROUP]
2025-07-06 21:53:47.911 [main] [traceId:] [userId:] WARN  c.a.cloud.nacos.client.NacosPropertySourceBuilder - Ignore the empty nacos configuration and get it based on dataId[bgtech-ai] & group[DEFAULT_GROUP]
2025-07-06 21:53:47.926 [main] [traceId:] [userId:] WARN  c.a.cloud.nacos.client.NacosPropertySourceBuilder - Ignore the empty nacos configuration and get it based on dataId[bgtech-ai.yaml] & group[DEFAULT_GROUP]
2025-07-06 21:53:47.945 [main] [traceId:] [userId:] INFO  com.alibaba.nacos.client.config.utils.JvmUtil - isMultiInstance:false
2025-07-06 21:53:47.962 [main] [traceId:] [userId:] INFO  o.s.c.b.c.PropertySourceBootstrapConfiguration - Located property source: [BootstrapPropertySource {name='bootstrapProperties-bgtech-ai-dev.yaml,DEFAULT_GROUP'}, BootstrapPropertySource {name='bootstrapProperties-bgtech-ai.yaml,DEFAULT_GROUP'}, BootstrapPropertySource {name='bootstrapProperties-bgtech-ai,DEFAULT_GROUP'}, BootstrapPropertySource {name='bootstrapProperties-common-dev.yaml,DEFAULT_GROUP'}]
2025-07-06 21:57:38.730 [main] [traceId:] [userId:] WARN  com.alibaba.nacos.client.logging.NacosLogging - Load Logback Configuration of Nacos fail, message: Could not initialize Logback Nacos logging from classpath:nacos-logback.xml
2025-07-06 21:57:38.801 [main] [traceId:] [userId:] WARN  com.alibaba.nacos.client.logging.NacosLogging - Load Logback Configuration of Nacos fail, message: Could not initialize Logback Nacos logging from classpath:nacos-logback.xml
2025-07-06 21:57:39.014 [main] [traceId:] [userId:] WARN  com.alibaba.nacos.client.logging.NacosLogging - Load Logback Configuration of Nacos fail, message: Could not initialize Logback Nacos logging from classpath:nacos-logback.xml
2025-07-06 21:57:39.015 [main] [traceId:] [userId:] INFO  com.alibaba.nacos.client.utils.ParamUtil - [settings] [req-serv] nacos-server port:8848
2025-07-06 21:57:39.016 [main] [traceId:] [userId:] INFO  com.alibaba.nacos.client.utils.ParamUtil - [settings] [http-client] connect timeout:1000
2025-07-06 21:57:39.016 [main] [traceId:] [userId:] INFO  com.alibaba.nacos.client.utils.ParamUtil - PER_TASK_CONFIG_SIZE: 3000.0
2025-07-06 21:57:39.049 [main] [traceId:] [userId:] INFO  c.a.n.p.auth.spi.client.ClientAuthPluginManager - [ClientAuthPluginManager] Load ClientAuthService com.alibaba.nacos.client.auth.impl.NacosClientAuthServiceImpl success.
2025-07-06 21:57:39.050 [main] [traceId:] [userId:] INFO  c.a.n.p.auth.spi.client.ClientAuthPluginManager - [ClientAuthPluginManager] Load ClientAuthService com.alibaba.nacos.client.auth.ram.RamClientAuthServiceImpl success.
2025-07-06 21:57:39.053 [main] [traceId:] [userId:] INFO  c.a.n.client.auth.ram.identify.CredentialWatcher - null No credential found
2025-07-06 21:57:39.220 [main] [traceId:] [userId:] WARN  com.alibaba.nacos.client.logging.NacosLogging - Load Logback Configuration of Nacos fail, message: Could not initialize Logback Nacos logging from classpath:nacos-logback.xml
2025-07-06 21:57:39.259 [main] [traceId:] [userId:] INFO  c.a.n.client.config.impl.LocalConfigInfoProcessor - LOCAL_SNAPSHOT_PATH:C:\Users\Administrator\nacos\config
2025-07-06 21:57:39.265 [main] [traceId:] [userId:] INFO  com.alibaba.nacos.common.remote.client - [RpcClientFactory] create a new rpc client of be6a06e9-911b-4f71-8d1c-b6a041d26b9d_config-0
2025-07-06 21:57:39.293 [main] [traceId:] [userId:] INFO  com.alibaba.nacos.common.remote.client - [be6a06e9-911b-4f71-8d1c-b6a041d26b9d_config-0] Register server push request handler:com.alibaba.nacos.client.config.impl.ClientWorker$ConfigRpcTransportClient$$Lambda/0x000001f55660f548
2025-07-06 21:57:39.294 [main] [traceId:] [userId:] INFO  com.alibaba.nacos.common.remote.client - [be6a06e9-911b-4f71-8d1c-b6a041d26b9d_config-0] Register server push request handler:com.alibaba.nacos.client.config.impl.ClientWorker$ConfigRpcTransportClient$$Lambda/0x000001f55660f958
2025-07-06 21:57:39.294 [main] [traceId:] [userId:] INFO  com.alibaba.nacos.common.remote.client - [be6a06e9-911b-4f71-8d1c-b6a041d26b9d_config-0] Registry connection listener to current client:com.alibaba.nacos.client.config.impl.ClientWorker$ConfigRpcTransportClient$1
2025-07-06 21:57:39.295 [main] [traceId:] [userId:] INFO  com.alibaba.nacos.common.remote.client - [be6a06e9-911b-4f71-8d1c-b6a041d26b9d_config-0] RpcClient init, ServerListFactory = com.alibaba.nacos.client.config.impl.ClientWorker$ConfigRpcTransportClient$2
2025-07-06 21:57:39.305 [main] [traceId:] [userId:] INFO  com.alibaba.nacos.common.remote.client - [be6a06e9-911b-4f71-8d1c-b6a041d26b9d_config-0] Try to connect to server on start up, server: {serverIp = '8.133.246.113', server main port = 8848}
2025-07-06 21:57:39.367 [main] [traceId:] [userId:] INFO  c.a.nacos.common.remote.client.grpc.GrpcClient - grpc client connection server:8.133.246.113 ip,serverPort:9848,grpcTslConfig:{"sslProvider":"OPENSSL","enableTls":false,"mutualAuthEnable":false,"trustAll":false}
2025-07-06 21:57:40.101 [main] [traceId:] [userId:] INFO  com.alibaba.nacos.common.remote.client - [be6a06e9-911b-4f71-8d1c-b6a041d26b9d_config-0] Success to connect to server [8.133.246.113:8848] on start up, connectionId = 1751810259803_139.226.176.198_13084
2025-07-06 21:57:40.102 [com.alibaba.nacos.client.remote.worker] [traceId:] [userId:] INFO  com.alibaba.nacos.common.remote.client - [be6a06e9-911b-4f71-8d1c-b6a041d26b9d_config-0] Notify connected event to listeners.
2025-07-06 21:57:40.102 [com.alibaba.nacos.client.remote.worker] [traceId:] [userId:] INFO  com.alibaba.nacos.client.config.impl.ClientWorker - [be6a06e9-911b-4f71-8d1c-b6a041d26b9d_config-0] Connected,notify listen context...
2025-07-06 21:57:40.102 [main] [traceId:] [userId:] INFO  com.alibaba.nacos.common.remote.client - [be6a06e9-911b-4f71-8d1c-b6a041d26b9d_config-0] Register server push request handler:com.alibaba.nacos.common.remote.client.RpcClient$ConnectResetRequestHandler
2025-07-06 21:57:40.102 [main] [traceId:] [userId:] INFO  com.alibaba.nacos.common.remote.client - [be6a06e9-911b-4f71-8d1c-b6a041d26b9d_config-0] Register server push request handler:com.alibaba.nacos.common.remote.client.RpcClient$$Lambda/0x000001f55674e2d0
2025-07-06 21:57:40.162 [main] [traceId:] [userId:] INFO  com.alibaba.nacos.client.config.impl.Limiter - limitTime:5.0
2025-07-06 21:57:40.186 [main] [traceId:] [userId:] WARN  c.a.cloud.nacos.client.NacosPropertySourceBuilder - Ignore the empty nacos configuration and get it based on dataId[common-dev.yaml] & group[DEFAULT_GROUP]
2025-07-06 21:57:40.198 [main] [traceId:] [userId:] WARN  c.a.cloud.nacos.client.NacosPropertySourceBuilder - Ignore the empty nacos configuration and get it based on dataId[bgtech-ai] & group[DEFAULT_GROUP]
2025-07-06 21:57:40.206 [main] [traceId:] [userId:] WARN  c.a.cloud.nacos.client.NacosPropertySourceBuilder - Ignore the empty nacos configuration and get it based on dataId[bgtech-ai.yaml] & group[DEFAULT_GROUP]
2025-07-06 21:57:40.223 [main] [traceId:] [userId:] INFO  com.alibaba.nacos.client.config.utils.JvmUtil - isMultiInstance:false
2025-07-06 21:57:40.239 [main] [traceId:] [userId:] INFO  o.s.c.b.c.PropertySourceBootstrapConfiguration - Located property source: [BootstrapPropertySource {name='bootstrapProperties-bgtech-ai-dev.yaml,DEFAULT_GROUP'}, BootstrapPropertySource {name='bootstrapProperties-bgtech-ai.yaml,DEFAULT_GROUP'}, BootstrapPropertySource {name='bootstrapProperties-bgtech-ai,DEFAULT_GROUP'}, BootstrapPropertySource {name='bootstrapProperties-common-dev.yaml,DEFAULT_GROUP'}]
