2025-06-09 22:34:36.127 [main] WARN  com.alibaba.nacos.client.logging.NacosLogging - Load Logback Configuration of Nacos fail, message: Could not initialize Logback Nacos logging from classpath:nacos-logback.xml
2025-06-09 22:34:36.183 [main] WARN  com.alibaba.nacos.client.logging.NacosLogging - Load Logback Configuration of Nacos fail, message: Could not initialize Logback Nacos logging from classpath:nacos-logback.xml
2025-06-09 22:34:36.387 [main] WARN  com.alibaba.nacos.client.logging.NacosLogging - Load Logback Configuration of Nacos fail, message: Could not initialize Logback Nacos logging from classpath:nacos-logback.xml
2025-06-09 22:34:36.389 [main] INFO  com.alibaba.nacos.client.utils.ParamUtil - [settings] [req-serv] nacos-server port:8848
2025-06-09 22:34:36.389 [main] INFO  com.alibaba.nacos.client.utils.ParamUtil - [settings] [http-client] connect timeout:1000
2025-06-09 22:34:36.390 [main] INFO  com.alibaba.nacos.client.utils.ParamUtil - PER_TASK_CONFIG_SIZE: 3000.0
2025-06-09 22:34:36.416 [main] INFO  c.a.n.p.auth.spi.client.ClientAuthPluginManager - [ClientAuthPluginManager] Load ClientAuthService com.alibaba.nacos.client.auth.impl.NacosClientAuthServiceImpl success.
2025-06-09 22:34:36.416 [main] INFO  c.a.n.p.auth.spi.client.ClientAuthPluginManager - [ClientAuthPluginManager] Load ClientAuthService com.alibaba.nacos.client.auth.ram.RamClientAuthServiceImpl success.
2025-06-09 22:34:36.418 [main] INFO  c.a.n.client.auth.ram.identify.CredentialWatcher - null No credential found
2025-06-09 22:34:37.567 [main] WARN  com.alibaba.nacos.client.logging.NacosLogging - Load Logback Configuration of Nacos fail, message: Could not initialize Logback Nacos logging from classpath:nacos-logback.xml
2025-06-09 22:34:37.588 [main] INFO  c.a.n.client.config.impl.LocalConfigInfoProcessor - LOCAL_SNAPSHOT_PATH:C:\Users\Administrator\nacos\config
2025-06-09 22:34:37.591 [main] INFO  com.alibaba.nacos.common.remote.client - [RpcClientFactory] create a new rpc client of 8aa595b4-a84a-4a8c-92e5-d0f5c898f044_config-0
2025-06-09 22:34:37.609 [main] INFO  com.alibaba.nacos.common.remote.client - [8aa595b4-a84a-4a8c-92e5-d0f5c898f044_config-0] Register server push request handler:com.alibaba.nacos.client.config.impl.ClientWorker$ConfigRpcTransportClient$$Lambda/0x000001f8814347a8
2025-06-09 22:34:37.610 [main] INFO  com.alibaba.nacos.common.remote.client - [8aa595b4-a84a-4a8c-92e5-d0f5c898f044_config-0] Register server push request handler:com.alibaba.nacos.client.config.impl.ClientWorker$ConfigRpcTransportClient$$Lambda/0x000001f881434bb8
2025-06-09 22:34:37.610 [main] INFO  com.alibaba.nacos.common.remote.client - [8aa595b4-a84a-4a8c-92e5-d0f5c898f044_config-0] Registry connection listener to current client:com.alibaba.nacos.client.config.impl.ClientWorker$ConfigRpcTransportClient$1
2025-06-09 22:34:37.611 [main] INFO  com.alibaba.nacos.common.remote.client - [8aa595b4-a84a-4a8c-92e5-d0f5c898f044_config-0] RpcClient init, ServerListFactory = com.alibaba.nacos.client.config.impl.ClientWorker$ConfigRpcTransportClient$2
2025-06-09 22:34:37.617 [main] INFO  com.alibaba.nacos.common.remote.client - [8aa595b4-a84a-4a8c-92e5-d0f5c898f044_config-0] Try to connect to server on start up, server: {serverIp = '8.133.246.113', server main port = 8848}
2025-06-09 22:34:37.648 [main] INFO  c.a.nacos.common.remote.client.grpc.GrpcClient - grpc client connection server:8.133.246.113 ip,serverPort:9848,grpcTslConfig:{"sslProvider":"OPENSSL","enableTls":false,"mutualAuthEnable":false,"trustAll":false}
2025-06-09 22:34:38.290 [main] INFO  com.alibaba.nacos.common.remote.client - [8aa595b4-a84a-4a8c-92e5-d0f5c898f044_config-0] Success to connect to server [8.133.246.113:8848] on start up, connectionId = 1749479678197_139.227.195.166_39184
2025-06-09 22:34:38.291 [com.alibaba.nacos.client.remote.worker] INFO  com.alibaba.nacos.common.remote.client - [8aa595b4-a84a-4a8c-92e5-d0f5c898f044_config-0] Notify connected event to listeners.
2025-06-09 22:34:38.291 [main] INFO  com.alibaba.nacos.common.remote.client - [8aa595b4-a84a-4a8c-92e5-d0f5c898f044_config-0] Register server push request handler:com.alibaba.nacos.common.remote.client.RpcClient$ConnectResetRequestHandler
2025-06-09 22:34:38.291 [com.alibaba.nacos.client.remote.worker] INFO  com.alibaba.nacos.client.config.impl.ClientWorker - [8aa595b4-a84a-4a8c-92e5-d0f5c898f044_config-0] Connected,notify listen context...
2025-06-09 22:34:38.291 [main] INFO  com.alibaba.nacos.common.remote.client - [8aa595b4-a84a-4a8c-92e5-d0f5c898f044_config-0] Register server push request handler:com.alibaba.nacos.common.remote.client.RpcClient$$Lambda/0x000001f881591c60
2025-06-09 22:34:38.329 [main] INFO  com.alibaba.nacos.client.config.impl.Limiter - limitTime:5.0
2025-06-09 22:34:38.350 [main] WARN  c.a.cloud.nacos.client.NacosPropertySourceBuilder - Ignore the empty nacos configuration and get it based on dataId[common-dev.yaml] & group[DEFAULT_GROUP]
2025-06-09 22:34:38.363 [main] WARN  c.a.cloud.nacos.client.NacosPropertySourceBuilder - Ignore the empty nacos configuration and get it based on dataId[bgtech-ai] & group[DEFAULT_GROUP]
2025-06-09 22:34:38.371 [main] WARN  c.a.cloud.nacos.client.NacosPropertySourceBuilder - Ignore the empty nacos configuration and get it based on dataId[bgtech-ai.yaml] & group[DEFAULT_GROUP]
2025-06-09 22:34:38.381 [main] INFO  com.alibaba.nacos.client.config.utils.JvmUtil - isMultiInstance:false
2025-06-09 22:34:38.392 [main] INFO  o.s.c.b.c.PropertySourceBootstrapConfiguration - Located property source: [BootstrapPropertySource {name='bootstrapProperties-bgtech-ai-dev.yaml,DEFAULT_GROUP'}, BootstrapPropertySource {name='bootstrapProperties-bgtech-ai.yaml,DEFAULT_GROUP'}, BootstrapPropertySource {name='bootstrapProperties-bgtech-ai,DEFAULT_GROUP'}, BootstrapPropertySource {name='bootstrapProperties-common-dev.yaml,DEFAULT_GROUP'}]
