2025-06-08 23:08:19.450 [main] WARN  com.alibaba.nacos.client.logging.NacosLogging - Load Logback Configuration of Nacos fail, message: Could not initialize Logback Nacos logging from classpath:nacos-logback.xml
2025-06-08 23:08:19.531 [main] WARN  com.alibaba.nacos.client.logging.NacosLogging - Load Logback Configuration of Nacos fail, message: Could not initialize Logback Nacos logging from classpath:nacos-logback.xml
2025-06-08 23:08:19.867 [main] WARN  com.alibaba.nacos.client.logging.NacosLogging - Load Logback Configuration of Nacos fail, message: Could not initialize Logback Nacos logging from classpath:nacos-logback.xml
2025-06-08 23:08:19.871 [main] INFO  com.alibaba.nacos.client.utils.ParamUtil - [settings] [req-serv] nacos-server port:8848
2025-06-08 23:08:19.872 [main] INFO  com.alibaba.nacos.client.utils.ParamUtil - [settings] [http-client] connect timeout:1000
2025-06-08 23:08:19.873 [main] INFO  com.alibaba.nacos.client.utils.ParamUtil - PER_TASK_CONFIG_SIZE: 3000.0
2025-06-08 23:08:19.929 [main] INFO  c.a.n.p.auth.spi.client.ClientAuthPluginManager - [ClientAuthPluginManager] Load ClientAuthService com.alibaba.nacos.client.auth.impl.NacosClientAuthServiceImpl success.
2025-06-08 23:08:19.929 [main] INFO  c.a.n.p.auth.spi.client.ClientAuthPluginManager - [ClientAuthPluginManager] Load ClientAuthService com.alibaba.nacos.client.auth.ram.RamClientAuthServiceImpl success.
2025-06-08 23:08:19.935 [main] INFO  c.a.n.client.auth.ram.identify.CredentialWatcher - null No credential found
2025-06-08 23:08:21.138 [main] WARN  com.alibaba.nacos.client.logging.NacosLogging - Load Logback Configuration of Nacos fail, message: Could not initialize Logback Nacos logging from classpath:nacos-logback.xml
2025-06-08 23:08:21.166 [main] INFO  c.a.n.client.config.impl.LocalConfigInfoProcessor - LOCAL_SNAPSHOT_PATH:C:\Users\Administrator\nacos\config
2025-06-08 23:08:21.171 [main] INFO  com.alibaba.nacos.common.remote.client - [RpcClientFactory] create a new rpc client of 2728e58d-a14b-46de-b2cc-3e6fb2a7a62c_config-0
2025-06-08 23:08:21.192 [main] INFO  com.alibaba.nacos.common.remote.client - [2728e58d-a14b-46de-b2cc-3e6fb2a7a62c_config-0] Register server push request handler:com.alibaba.nacos.client.config.impl.ClientWorker$ConfigRpcTransportClient$$Lambda/0x000001f155425be0
2025-06-08 23:08:21.193 [main] INFO  com.alibaba.nacos.common.remote.client - [2728e58d-a14b-46de-b2cc-3e6fb2a7a62c_config-0] Register server push request handler:com.alibaba.nacos.client.config.impl.ClientWorker$ConfigRpcTransportClient$$Lambda/0x000001f155425ff0
2025-06-08 23:08:21.193 [main] INFO  com.alibaba.nacos.common.remote.client - [2728e58d-a14b-46de-b2cc-3e6fb2a7a62c_config-0] Registry connection listener to current client:com.alibaba.nacos.client.config.impl.ClientWorker$ConfigRpcTransportClient$1
2025-06-08 23:08:21.193 [main] INFO  com.alibaba.nacos.common.remote.client - [2728e58d-a14b-46de-b2cc-3e6fb2a7a62c_config-0] RpcClient init, ServerListFactory = com.alibaba.nacos.client.config.impl.ClientWorker$ConfigRpcTransportClient$2
2025-06-08 23:08:21.201 [main] INFO  com.alibaba.nacos.common.remote.client - [2728e58d-a14b-46de-b2cc-3e6fb2a7a62c_config-0] Try to connect to server on start up, server: {serverIp = '8.133.246.113', server main port = 8848}
2025-06-08 23:08:21.236 [main] INFO  c.a.nacos.common.remote.client.grpc.GrpcClient - grpc client connection server:8.133.246.113 ip,serverPort:9848,grpcTslConfig:{"sslProvider":"OPENSSL","enableTls":false,"mutualAuthEnable":false,"trustAll":false}
2025-06-08 23:08:22.134 [main] INFO  com.alibaba.nacos.common.remote.client - [2728e58d-a14b-46de-b2cc-3e6fb2a7a62c_config-0] Success to connect to server [8.133.246.113:8848] on start up, connectionId = 1749395301924_139.227.195.166_39571
2025-06-08 23:08:22.135 [com.alibaba.nacos.client.remote.worker] INFO  com.alibaba.nacos.common.remote.client - [2728e58d-a14b-46de-b2cc-3e6fb2a7a62c_config-0] Notify connected event to listeners.
2025-06-08 23:08:22.135 [com.alibaba.nacos.client.remote.worker] INFO  com.alibaba.nacos.client.config.impl.ClientWorker - [2728e58d-a14b-46de-b2cc-3e6fb2a7a62c_config-0] Connected,notify listen context...
2025-06-08 23:08:22.135 [main] INFO  com.alibaba.nacos.common.remote.client - [2728e58d-a14b-46de-b2cc-3e6fb2a7a62c_config-0] Register server push request handler:com.alibaba.nacos.common.remote.client.RpcClient$ConnectResetRequestHandler
2025-06-08 23:08:22.136 [main] INFO  com.alibaba.nacos.common.remote.client - [2728e58d-a14b-46de-b2cc-3e6fb2a7a62c_config-0] Register server push request handler:com.alibaba.nacos.common.remote.client.RpcClient$$Lambda/0x000001f1555a74a0
2025-06-08 23:08:22.193 [main] INFO  com.alibaba.nacos.client.config.impl.Limiter - limitTime:5.0
2025-06-08 23:08:22.236 [main] WARN  c.a.cloud.nacos.client.NacosPropertySourceBuilder - Ignore the empty nacos configuration and get it based on dataId[common-dev.yaml] & group[DEFAULT_GROUP]
2025-06-08 23:08:22.253 [main] WARN  c.a.cloud.nacos.client.NacosPropertySourceBuilder - Ignore the empty nacos configuration and get it based on dataId[bgtech-ai] & group[DEFAULT_GROUP]
2025-06-08 23:08:22.263 [main] WARN  c.a.cloud.nacos.client.NacosPropertySourceBuilder - Ignore the empty nacos configuration and get it based on dataId[bgtech-ai.yaml] & group[DEFAULT_GROUP]
2025-06-08 23:08:22.279 [main] INFO  com.alibaba.nacos.client.config.utils.JvmUtil - isMultiInstance:false
2025-06-08 23:08:22.294 [main] INFO  o.s.c.b.c.PropertySourceBootstrapConfiguration - Located property source: [BootstrapPropertySource {name='bootstrapProperties-bgtech-ai-dev.yaml,DEFAULT_GROUP'}, BootstrapPropertySource {name='bootstrapProperties-bgtech-ai.yaml,DEFAULT_GROUP'}, BootstrapPropertySource {name='bootstrapProperties-bgtech-ai,DEFAULT_GROUP'}, BootstrapPropertySource {name='bootstrapProperties-common-dev.yaml,DEFAULT_GROUP'}]
2025-06-08 23:09:13.071 [main] WARN  com.alibaba.nacos.client.logging.NacosLogging - Load Logback Configuration of Nacos fail, message: Could not initialize Logback Nacos logging from classpath:nacos-logback.xml
2025-06-08 23:09:13.131 [main] WARN  com.alibaba.nacos.client.logging.NacosLogging - Load Logback Configuration of Nacos fail, message: Could not initialize Logback Nacos logging from classpath:nacos-logback.xml
2025-06-08 23:09:13.397 [main] WARN  com.alibaba.nacos.client.logging.NacosLogging - Load Logback Configuration of Nacos fail, message: Could not initialize Logback Nacos logging from classpath:nacos-logback.xml
2025-06-08 23:09:13.399 [main] INFO  com.alibaba.nacos.client.utils.ParamUtil - [settings] [req-serv] nacos-server port:8848
2025-06-08 23:09:13.399 [main] INFO  com.alibaba.nacos.client.utils.ParamUtil - [settings] [http-client] connect timeout:1000
2025-06-08 23:09:13.401 [main] INFO  com.alibaba.nacos.client.utils.ParamUtil - PER_TASK_CONFIG_SIZE: 3000.0
2025-06-08 23:09:13.434 [main] INFO  c.a.n.p.auth.spi.client.ClientAuthPluginManager - [ClientAuthPluginManager] Load ClientAuthService com.alibaba.nacos.client.auth.impl.NacosClientAuthServiceImpl success.
2025-06-08 23:09:13.435 [main] INFO  c.a.n.p.auth.spi.client.ClientAuthPluginManager - [ClientAuthPluginManager] Load ClientAuthService com.alibaba.nacos.client.auth.ram.RamClientAuthServiceImpl success.
2025-06-08 23:09:13.438 [main] INFO  c.a.n.client.auth.ram.identify.CredentialWatcher - null No credential found
2025-06-08 23:09:14.581 [main] WARN  com.alibaba.nacos.client.logging.NacosLogging - Load Logback Configuration of Nacos fail, message: Could not initialize Logback Nacos logging from classpath:nacos-logback.xml
2025-06-08 23:09:14.604 [main] INFO  c.a.n.client.config.impl.LocalConfigInfoProcessor - LOCAL_SNAPSHOT_PATH:C:\Users\Administrator\nacos\config
2025-06-08 23:09:14.608 [main] INFO  com.alibaba.nacos.common.remote.client - [RpcClientFactory] create a new rpc client of a6b80901-6f31-435c-8901-a2d2cbd9c6c6_config-0
2025-06-08 23:09:14.627 [main] INFO  com.alibaba.nacos.common.remote.client - [a6b80901-6f31-435c-8901-a2d2cbd9c6c6_config-0] Register server push request handler:com.alibaba.nacos.client.config.impl.ClientWorker$ConfigRpcTransportClient$$Lambda/0x0000014101401218
2025-06-08 23:09:14.628 [main] INFO  com.alibaba.nacos.common.remote.client - [a6b80901-6f31-435c-8901-a2d2cbd9c6c6_config-0] Register server push request handler:com.alibaba.nacos.client.config.impl.ClientWorker$ConfigRpcTransportClient$$Lambda/0x0000014101401628
2025-06-08 23:09:14.629 [main] INFO  com.alibaba.nacos.common.remote.client - [a6b80901-6f31-435c-8901-a2d2cbd9c6c6_config-0] Registry connection listener to current client:com.alibaba.nacos.client.config.impl.ClientWorker$ConfigRpcTransportClient$1
2025-06-08 23:09:14.629 [main] INFO  com.alibaba.nacos.common.remote.client - [a6b80901-6f31-435c-8901-a2d2cbd9c6c6_config-0] RpcClient init, ServerListFactory = com.alibaba.nacos.client.config.impl.ClientWorker$ConfigRpcTransportClient$2
2025-06-08 23:09:14.637 [main] INFO  com.alibaba.nacos.common.remote.client - [a6b80901-6f31-435c-8901-a2d2cbd9c6c6_config-0] Try to connect to server on start up, server: {serverIp = '8.133.246.113', server main port = 8848}
2025-06-08 23:09:14.672 [main] INFO  c.a.nacos.common.remote.client.grpc.GrpcClient - grpc client connection server:8.133.246.113 ip,serverPort:9848,grpcTslConfig:{"sslProvider":"OPENSSL","enableTls":false,"mutualAuthEnable":false,"trustAll":false}
2025-06-08 23:09:15.621 [main] INFO  com.alibaba.nacos.common.remote.client - [a6b80901-6f31-435c-8901-a2d2cbd9c6c6_config-0] Success to connect to server [8.133.246.113:8848] on start up, connectionId = 1749395355232_139.227.195.166_38065
2025-06-08 23:09:15.622 [com.alibaba.nacos.client.remote.worker] INFO  com.alibaba.nacos.common.remote.client - [a6b80901-6f31-435c-8901-a2d2cbd9c6c6_config-0] Notify connected event to listeners.
2025-06-08 23:09:15.622 [com.alibaba.nacos.client.remote.worker] INFO  com.alibaba.nacos.client.config.impl.ClientWorker - [a6b80901-6f31-435c-8901-a2d2cbd9c6c6_config-0] Connected,notify listen context...
2025-06-08 23:09:15.622 [main] INFO  com.alibaba.nacos.common.remote.client - [a6b80901-6f31-435c-8901-a2d2cbd9c6c6_config-0] Register server push request handler:com.alibaba.nacos.common.remote.client.RpcClient$ConnectResetRequestHandler
2025-06-08 23:09:15.623 [main] INFO  com.alibaba.nacos.common.remote.client - [a6b80901-6f31-435c-8901-a2d2cbd9c6c6_config-0] Register server push request handler:com.alibaba.nacos.common.remote.client.RpcClient$$Lambda/0x00000141015545e0
2025-06-08 23:09:15.720 [main] INFO  com.alibaba.nacos.client.config.impl.Limiter - limitTime:5.0
2025-06-08 23:09:15.750 [main] WARN  c.a.cloud.nacos.client.NacosPropertySourceBuilder - Ignore the empty nacos configuration and get it based on dataId[common-dev.yaml] & group[DEFAULT_GROUP]
2025-06-08 23:09:15.770 [main] WARN  c.a.cloud.nacos.client.NacosPropertySourceBuilder - Ignore the empty nacos configuration and get it based on dataId[bgtech-ai] & group[DEFAULT_GROUP]
2025-06-08 23:09:15.784 [main] WARN  c.a.cloud.nacos.client.NacosPropertySourceBuilder - Ignore the empty nacos configuration and get it based on dataId[bgtech-ai.yaml] & group[DEFAULT_GROUP]
2025-06-08 23:09:15.802 [main] INFO  com.alibaba.nacos.client.config.utils.JvmUtil - isMultiInstance:false
2025-06-08 23:09:15.818 [main] INFO  o.s.c.b.c.PropertySourceBootstrapConfiguration - Located property source: [BootstrapPropertySource {name='bootstrapProperties-bgtech-ai-dev.yaml,DEFAULT_GROUP'}, BootstrapPropertySource {name='bootstrapProperties-bgtech-ai.yaml,DEFAULT_GROUP'}, BootstrapPropertySource {name='bootstrapProperties-bgtech-ai,DEFAULT_GROUP'}, BootstrapPropertySource {name='bootstrapProperties-common-dev.yaml,DEFAULT_GROUP'}]
2025-06-08 23:11:51.925 [main] WARN  com.alibaba.nacos.client.logging.NacosLogging - Load Logback Configuration of Nacos fail, message: Could not initialize Logback Nacos logging from classpath:nacos-logback.xml
2025-06-08 23:11:51.987 [main] WARN  com.alibaba.nacos.client.logging.NacosLogging - Load Logback Configuration of Nacos fail, message: Could not initialize Logback Nacos logging from classpath:nacos-logback.xml
2025-06-08 23:11:52.242 [main] WARN  com.alibaba.nacos.client.logging.NacosLogging - Load Logback Configuration of Nacos fail, message: Could not initialize Logback Nacos logging from classpath:nacos-logback.xml
2025-06-08 23:11:52.245 [main] INFO  com.alibaba.nacos.client.utils.ParamUtil - [settings] [req-serv] nacos-server port:8848
2025-06-08 23:11:52.246 [main] INFO  com.alibaba.nacos.client.utils.ParamUtil - [settings] [http-client] connect timeout:1000
2025-06-08 23:11:52.247 [main] INFO  com.alibaba.nacos.client.utils.ParamUtil - PER_TASK_CONFIG_SIZE: 3000.0
2025-06-08 23:11:52.284 [main] INFO  c.a.n.p.auth.spi.client.ClientAuthPluginManager - [ClientAuthPluginManager] Load ClientAuthService com.alibaba.nacos.client.auth.impl.NacosClientAuthServiceImpl success.
2025-06-08 23:11:52.284 [main] INFO  c.a.n.p.auth.spi.client.ClientAuthPluginManager - [ClientAuthPluginManager] Load ClientAuthService com.alibaba.nacos.client.auth.ram.RamClientAuthServiceImpl success.
2025-06-08 23:11:52.287 [main] INFO  c.a.n.client.auth.ram.identify.CredentialWatcher - null No credential found
2025-06-08 23:11:53.442 [main] WARN  com.alibaba.nacos.client.logging.NacosLogging - Load Logback Configuration of Nacos fail, message: Could not initialize Logback Nacos logging from classpath:nacos-logback.xml
2025-06-08 23:11:53.471 [main] INFO  c.a.n.client.config.impl.LocalConfigInfoProcessor - LOCAL_SNAPSHOT_PATH:C:\Users\Administrator\nacos\config
2025-06-08 23:11:53.474 [main] INFO  com.alibaba.nacos.common.remote.client - [RpcClientFactory] create a new rpc client of d5957309-8549-452d-a393-342d58d513c3_config-0
2025-06-08 23:11:53.495 [main] INFO  com.alibaba.nacos.common.remote.client - [d5957309-8549-452d-a393-342d58d513c3_config-0] Register server push request handler:com.alibaba.nacos.client.config.impl.ClientWorker$ConfigRpcTransportClient$$Lambda/0x000001b1d8400000
2025-06-08 23:11:53.496 [main] INFO  com.alibaba.nacos.common.remote.client - [d5957309-8549-452d-a393-342d58d513c3_config-0] Register server push request handler:com.alibaba.nacos.client.config.impl.ClientWorker$ConfigRpcTransportClient$$Lambda/0x000001b1d8400410
2025-06-08 23:11:53.497 [main] INFO  com.alibaba.nacos.common.remote.client - [d5957309-8549-452d-a393-342d58d513c3_config-0] Registry connection listener to current client:com.alibaba.nacos.client.config.impl.ClientWorker$ConfigRpcTransportClient$1
2025-06-08 23:11:53.497 [main] INFO  com.alibaba.nacos.common.remote.client - [d5957309-8549-452d-a393-342d58d513c3_config-0] RpcClient init, ServerListFactory = com.alibaba.nacos.client.config.impl.ClientWorker$ConfigRpcTransportClient$2
2025-06-08 23:11:53.504 [main] INFO  com.alibaba.nacos.common.remote.client - [d5957309-8549-452d-a393-342d58d513c3_config-0] Try to connect to server on start up, server: {serverIp = '8.133.246.113', server main port = 8848}
2025-06-08 23:11:53.540 [main] INFO  c.a.nacos.common.remote.client.grpc.GrpcClient - grpc client connection server:8.133.246.113 ip,serverPort:9848,grpcTslConfig:{"sslProvider":"OPENSSL","enableTls":false,"mutualAuthEnable":false,"trustAll":false}
2025-06-08 23:11:54.403 [main] INFO  com.alibaba.nacos.common.remote.client - [d5957309-8549-452d-a393-342d58d513c3_config-0] Success to connect to server [8.133.246.113:8848] on start up, connectionId = 1749395514221_139.227.195.166_39817
2025-06-08 23:11:54.404 [com.alibaba.nacos.client.remote.worker] INFO  com.alibaba.nacos.common.remote.client - [d5957309-8549-452d-a393-342d58d513c3_config-0] Notify connected event to listeners.
2025-06-08 23:11:54.404 [main] INFO  com.alibaba.nacos.common.remote.client - [d5957309-8549-452d-a393-342d58d513c3_config-0] Register server push request handler:com.alibaba.nacos.common.remote.client.RpcClient$ConnectResetRequestHandler
2025-06-08 23:11:54.405 [com.alibaba.nacos.client.remote.worker] INFO  com.alibaba.nacos.client.config.impl.ClientWorker - [d5957309-8549-452d-a393-342d58d513c3_config-0] Connected,notify listen context...
2025-06-08 23:11:54.405 [main] INFO  com.alibaba.nacos.common.remote.client - [d5957309-8549-452d-a393-342d58d513c3_config-0] Register server push request handler:com.alibaba.nacos.common.remote.client.RpcClient$$Lambda/0x000001b1d85537b8
2025-06-08 23:11:54.457 [main] INFO  com.alibaba.nacos.client.config.impl.Limiter - limitTime:5.0
2025-06-08 23:11:54.482 [main] WARN  c.a.cloud.nacos.client.NacosPropertySourceBuilder - Ignore the empty nacos configuration and get it based on dataId[common-dev.yaml] & group[DEFAULT_GROUP]
2025-06-08 23:11:54.493 [main] WARN  c.a.cloud.nacos.client.NacosPropertySourceBuilder - Ignore the empty nacos configuration and get it based on dataId[bgtech-ai] & group[DEFAULT_GROUP]
2025-06-08 23:11:54.504 [main] WARN  c.a.cloud.nacos.client.NacosPropertySourceBuilder - Ignore the empty nacos configuration and get it based on dataId[bgtech-ai.yaml] & group[DEFAULT_GROUP]
2025-06-08 23:11:54.516 [main] INFO  com.alibaba.nacos.client.config.utils.JvmUtil - isMultiInstance:false
2025-06-08 23:11:54.533 [main] INFO  o.s.c.b.c.PropertySourceBootstrapConfiguration - Located property source: [BootstrapPropertySource {name='bootstrapProperties-bgtech-ai-dev.yaml,DEFAULT_GROUP'}, BootstrapPropertySource {name='bootstrapProperties-bgtech-ai.yaml,DEFAULT_GROUP'}, BootstrapPropertySource {name='bootstrapProperties-bgtech-ai,DEFAULT_GROUP'}, BootstrapPropertySource {name='bootstrapProperties-common-dev.yaml,DEFAULT_GROUP'}]
2025-06-08 23:15:13.258 [main] WARN  com.alibaba.nacos.client.logging.NacosLogging - Load Logback Configuration of Nacos fail, message: Could not initialize Logback Nacos logging from classpath:nacos-logback.xml
2025-06-08 23:15:13.326 [main] WARN  com.alibaba.nacos.client.logging.NacosLogging - Load Logback Configuration of Nacos fail, message: Could not initialize Logback Nacos logging from classpath:nacos-logback.xml
2025-06-08 23:15:13.595 [main] WARN  com.alibaba.nacos.client.logging.NacosLogging - Load Logback Configuration of Nacos fail, message: Could not initialize Logback Nacos logging from classpath:nacos-logback.xml
2025-06-08 23:15:13.597 [main] INFO  com.alibaba.nacos.client.utils.ParamUtil - [settings] [req-serv] nacos-server port:8848
2025-06-08 23:15:13.598 [main] INFO  com.alibaba.nacos.client.utils.ParamUtil - [settings] [http-client] connect timeout:1000
2025-06-08 23:15:13.599 [main] INFO  com.alibaba.nacos.client.utils.ParamUtil - PER_TASK_CONFIG_SIZE: 3000.0
2025-06-08 23:15:13.630 [main] INFO  c.a.n.p.auth.spi.client.ClientAuthPluginManager - [ClientAuthPluginManager] Load ClientAuthService com.alibaba.nacos.client.auth.impl.NacosClientAuthServiceImpl success.
2025-06-08 23:15:13.630 [main] INFO  c.a.n.p.auth.spi.client.ClientAuthPluginManager - [ClientAuthPluginManager] Load ClientAuthService com.alibaba.nacos.client.auth.ram.RamClientAuthServiceImpl success.
2025-06-08 23:15:13.633 [main] INFO  c.a.n.client.auth.ram.identify.CredentialWatcher - null No credential found
2025-06-08 23:15:14.778 [main] WARN  com.alibaba.nacos.client.logging.NacosLogging - Load Logback Configuration of Nacos fail, message: Could not initialize Logback Nacos logging from classpath:nacos-logback.xml
2025-06-08 23:15:14.810 [main] INFO  c.a.n.client.config.impl.LocalConfigInfoProcessor - LOCAL_SNAPSHOT_PATH:C:\Users\Administrator\nacos\config
2025-06-08 23:15:14.815 [main] INFO  com.alibaba.nacos.common.remote.client - [RpcClientFactory] create a new rpc client of 6762af69-9cb7-4d5f-a935-7a5d2215a462_config-0
2025-06-08 23:15:14.839 [main] INFO  com.alibaba.nacos.common.remote.client - [6762af69-9cb7-4d5f-a935-7a5d2215a462_config-0] Register server push request handler:com.alibaba.nacos.client.config.impl.ClientWorker$ConfigRpcTransportClient$$Lambda/0x0000029bd8401e80
2025-06-08 23:15:14.839 [main] INFO  com.alibaba.nacos.common.remote.client - [6762af69-9cb7-4d5f-a935-7a5d2215a462_config-0] Register server push request handler:com.alibaba.nacos.client.config.impl.ClientWorker$ConfigRpcTransportClient$$Lambda/0x0000029bd8402290
2025-06-08 23:15:14.840 [main] INFO  com.alibaba.nacos.common.remote.client - [6762af69-9cb7-4d5f-a935-7a5d2215a462_config-0] Registry connection listener to current client:com.alibaba.nacos.client.config.impl.ClientWorker$ConfigRpcTransportClient$1
2025-06-08 23:15:14.841 [main] INFO  com.alibaba.nacos.common.remote.client - [6762af69-9cb7-4d5f-a935-7a5d2215a462_config-0] RpcClient init, ServerListFactory = com.alibaba.nacos.client.config.impl.ClientWorker$ConfigRpcTransportClient$2
2025-06-08 23:15:14.849 [main] INFO  com.alibaba.nacos.common.remote.client - [6762af69-9cb7-4d5f-a935-7a5d2215a462_config-0] Try to connect to server on start up, server: {serverIp = '8.133.246.113', server main port = 8848}
2025-06-08 23:15:14.882 [main] INFO  c.a.nacos.common.remote.client.grpc.GrpcClient - grpc client connection server:8.133.246.113 ip,serverPort:9848,grpcTslConfig:{"sslProvider":"OPENSSL","enableTls":false,"mutualAuthEnable":false,"trustAll":false}
2025-06-08 23:15:15.732 [main] INFO  com.alibaba.nacos.common.remote.client - [6762af69-9cb7-4d5f-a935-7a5d2215a462_config-0] Success to connect to server [8.133.246.113:8848] on start up, connectionId = 1749395715538_139.227.195.166_38008
2025-06-08 23:15:15.733 [com.alibaba.nacos.client.remote.worker] INFO  com.alibaba.nacos.common.remote.client - [6762af69-9cb7-4d5f-a935-7a5d2215a462_config-0] Notify connected event to listeners.
2025-06-08 23:15:15.733 [com.alibaba.nacos.client.remote.worker] INFO  com.alibaba.nacos.client.config.impl.ClientWorker - [6762af69-9cb7-4d5f-a935-7a5d2215a462_config-0] Connected,notify listen context...
2025-06-08 23:15:15.733 [main] INFO  com.alibaba.nacos.common.remote.client - [6762af69-9cb7-4d5f-a935-7a5d2215a462_config-0] Register server push request handler:com.alibaba.nacos.common.remote.client.RpcClient$ConnectResetRequestHandler
2025-06-08 23:15:15.733 [main] INFO  com.alibaba.nacos.common.remote.client - [6762af69-9cb7-4d5f-a935-7a5d2215a462_config-0] Register server push request handler:com.alibaba.nacos.common.remote.client.RpcClient$$Lambda/0x0000029bd85555c8
2025-06-08 23:15:15.786 [main] INFO  com.alibaba.nacos.client.config.impl.Limiter - limitTime:5.0
2025-06-08 23:15:15.809 [main] WARN  c.a.cloud.nacos.client.NacosPropertySourceBuilder - Ignore the empty nacos configuration and get it based on dataId[common-dev.yaml] & group[DEFAULT_GROUP]
2025-06-08 23:15:15.820 [main] WARN  c.a.cloud.nacos.client.NacosPropertySourceBuilder - Ignore the empty nacos configuration and get it based on dataId[bgtech-ai] & group[DEFAULT_GROUP]
2025-06-08 23:15:15.831 [main] WARN  c.a.cloud.nacos.client.NacosPropertySourceBuilder - Ignore the empty nacos configuration and get it based on dataId[bgtech-ai.yaml] & group[DEFAULT_GROUP]
2025-06-08 23:15:15.860 [main] INFO  com.alibaba.nacos.client.config.utils.JvmUtil - isMultiInstance:false
2025-06-08 23:15:15.874 [main] INFO  o.s.c.b.c.PropertySourceBootstrapConfiguration - Located property source: [BootstrapPropertySource {name='bootstrapProperties-bgtech-ai-dev.yaml,DEFAULT_GROUP'}, BootstrapPropertySource {name='bootstrapProperties-bgtech-ai.yaml,DEFAULT_GROUP'}, BootstrapPropertySource {name='bootstrapProperties-bgtech-ai,DEFAULT_GROUP'}, BootstrapPropertySource {name='bootstrapProperties-common-dev.yaml,DEFAULT_GROUP'}]
2025-06-08 23:21:53.662 [main] WARN  com.alibaba.nacos.client.logging.NacosLogging - Load Logback Configuration of Nacos fail, message: Could not initialize Logback Nacos logging from classpath:nacos-logback.xml
2025-06-08 23:21:53.726 [main] WARN  com.alibaba.nacos.client.logging.NacosLogging - Load Logback Configuration of Nacos fail, message: Could not initialize Logback Nacos logging from classpath:nacos-logback.xml
2025-06-08 23:21:54.027 [main] WARN  com.alibaba.nacos.client.logging.NacosLogging - Load Logback Configuration of Nacos fail, message: Could not initialize Logback Nacos logging from classpath:nacos-logback.xml
2025-06-08 23:21:54.029 [main] INFO  com.alibaba.nacos.client.utils.ParamUtil - [settings] [req-serv] nacos-server port:8848
2025-06-08 23:21:54.030 [main] INFO  com.alibaba.nacos.client.utils.ParamUtil - [settings] [http-client] connect timeout:1000
2025-06-08 23:21:54.031 [main] INFO  com.alibaba.nacos.client.utils.ParamUtil - PER_TASK_CONFIG_SIZE: 3000.0
2025-06-08 23:21:54.061 [main] INFO  c.a.n.p.auth.spi.client.ClientAuthPluginManager - [ClientAuthPluginManager] Load ClientAuthService com.alibaba.nacos.client.auth.impl.NacosClientAuthServiceImpl success.
2025-06-08 23:21:54.061 [main] INFO  c.a.n.p.auth.spi.client.ClientAuthPluginManager - [ClientAuthPluginManager] Load ClientAuthService com.alibaba.nacos.client.auth.ram.RamClientAuthServiceImpl success.
2025-06-08 23:21:54.065 [main] INFO  c.a.n.client.auth.ram.identify.CredentialWatcher - null No credential found
2025-06-08 23:21:55.208 [main] WARN  com.alibaba.nacos.client.logging.NacosLogging - Load Logback Configuration of Nacos fail, message: Could not initialize Logback Nacos logging from classpath:nacos-logback.xml
2025-06-08 23:21:55.231 [main] INFO  c.a.n.client.config.impl.LocalConfigInfoProcessor - LOCAL_SNAPSHOT_PATH:C:\Users\Administrator\nacos\config
2025-06-08 23:21:55.235 [main] INFO  com.alibaba.nacos.common.remote.client - [RpcClientFactory] create a new rpc client of 00fcc9e1-2b64-46ac-a7c4-bf720a554267_config-0
2025-06-08 23:21:55.255 [main] INFO  com.alibaba.nacos.common.remote.client - [00fcc9e1-2b64-46ac-a7c4-bf720a554267_config-0] Register server push request handler:com.alibaba.nacos.client.config.impl.ClientWorker$ConfigRpcTransportClient$$Lambda/0x00000275d14020e0
2025-06-08 23:21:55.255 [main] INFO  com.alibaba.nacos.common.remote.client - [00fcc9e1-2b64-46ac-a7c4-bf720a554267_config-0] Register server push request handler:com.alibaba.nacos.client.config.impl.ClientWorker$ConfigRpcTransportClient$$Lambda/0x00000275d14024f0
2025-06-08 23:21:55.256 [main] INFO  com.alibaba.nacos.common.remote.client - [00fcc9e1-2b64-46ac-a7c4-bf720a554267_config-0] Registry connection listener to current client:com.alibaba.nacos.client.config.impl.ClientWorker$ConfigRpcTransportClient$1
2025-06-08 23:21:55.256 [main] INFO  com.alibaba.nacos.common.remote.client - [00fcc9e1-2b64-46ac-a7c4-bf720a554267_config-0] RpcClient init, ServerListFactory = com.alibaba.nacos.client.config.impl.ClientWorker$ConfigRpcTransportClient$2
2025-06-08 23:21:55.264 [main] INFO  com.alibaba.nacos.common.remote.client - [00fcc9e1-2b64-46ac-a7c4-bf720a554267_config-0] Try to connect to server on start up, server: {serverIp = '8.133.246.113', server main port = 8848}
2025-06-08 23:21:55.300 [main] INFO  c.a.nacos.common.remote.client.grpc.GrpcClient - grpc client connection server:8.133.246.113 ip,serverPort:9848,grpcTslConfig:{"sslProvider":"OPENSSL","enableTls":false,"mutualAuthEnable":false,"trustAll":false}
2025-06-08 23:21:56.046 [main] INFO  com.alibaba.nacos.common.remote.client - [00fcc9e1-2b64-46ac-a7c4-bf720a554267_config-0] Success to connect to server [8.133.246.113:8848] on start up, connectionId = 1749396115856_139.227.195.166_39896
2025-06-08 23:21:56.048 [com.alibaba.nacos.client.remote.worker] INFO  com.alibaba.nacos.common.remote.client - [00fcc9e1-2b64-46ac-a7c4-bf720a554267_config-0] Notify connected event to listeners.
2025-06-08 23:21:56.048 [com.alibaba.nacos.client.remote.worker] INFO  com.alibaba.nacos.client.config.impl.ClientWorker - [00fcc9e1-2b64-46ac-a7c4-bf720a554267_config-0] Connected,notify listen context...
2025-06-08 23:21:56.048 [main] INFO  com.alibaba.nacos.common.remote.client - [00fcc9e1-2b64-46ac-a7c4-bf720a554267_config-0] Register server push request handler:com.alibaba.nacos.common.remote.client.RpcClient$ConnectResetRequestHandler
2025-06-08 23:21:56.048 [main] INFO  com.alibaba.nacos.common.remote.client - [00fcc9e1-2b64-46ac-a7c4-bf720a554267_config-0] Register server push request handler:com.alibaba.nacos.common.remote.client.RpcClient$$Lambda/0x00000275d15555c8
2025-06-08 23:21:56.089 [main] INFO  com.alibaba.nacos.client.config.impl.Limiter - limitTime:5.0
2025-06-08 23:21:56.114 [main] WARN  c.a.cloud.nacos.client.NacosPropertySourceBuilder - Ignore the empty nacos configuration and get it based on dataId[common-dev.yaml] & group[DEFAULT_GROUP]
2025-06-08 23:21:56.125 [main] WARN  c.a.cloud.nacos.client.NacosPropertySourceBuilder - Ignore the empty nacos configuration and get it based on dataId[bgtech-ai] & group[DEFAULT_GROUP]
2025-06-08 23:21:56.136 [main] WARN  c.a.cloud.nacos.client.NacosPropertySourceBuilder - Ignore the empty nacos configuration and get it based on dataId[bgtech-ai.yaml] & group[DEFAULT_GROUP]
2025-06-08 23:21:56.148 [main] INFO  com.alibaba.nacos.client.config.utils.JvmUtil - isMultiInstance:false
2025-06-08 23:21:56.163 [main] INFO  o.s.c.b.c.PropertySourceBootstrapConfiguration - Located property source: [BootstrapPropertySource {name='bootstrapProperties-bgtech-ai-dev.yaml,DEFAULT_GROUP'}, BootstrapPropertySource {name='bootstrapProperties-bgtech-ai.yaml,DEFAULT_GROUP'}, BootstrapPropertySource {name='bootstrapProperties-bgtech-ai,DEFAULT_GROUP'}, BootstrapPropertySource {name='bootstrapProperties-common-dev.yaml,DEFAULT_GROUP'}]
2025-06-08 23:26:28.588 [main] WARN  com.alibaba.nacos.client.logging.NacosLogging - Load Logback Configuration of Nacos fail, message: Could not initialize Logback Nacos logging from classpath:nacos-logback.xml
2025-06-08 23:26:28.650 [main] WARN  com.alibaba.nacos.client.logging.NacosLogging - Load Logback Configuration of Nacos fail, message: Could not initialize Logback Nacos logging from classpath:nacos-logback.xml
2025-06-08 23:26:28.937 [main] WARN  com.alibaba.nacos.client.logging.NacosLogging - Load Logback Configuration of Nacos fail, message: Could not initialize Logback Nacos logging from classpath:nacos-logback.xml
2025-06-08 23:26:28.939 [main] INFO  com.alibaba.nacos.client.utils.ParamUtil - [settings] [req-serv] nacos-server port:8848
2025-06-08 23:26:28.939 [main] INFO  com.alibaba.nacos.client.utils.ParamUtil - [settings] [http-client] connect timeout:1000
2025-06-08 23:26:28.941 [main] INFO  com.alibaba.nacos.client.utils.ParamUtil - PER_TASK_CONFIG_SIZE: 3000.0
2025-06-08 23:26:28.969 [main] INFO  c.a.n.p.auth.spi.client.ClientAuthPluginManager - [ClientAuthPluginManager] Load ClientAuthService com.alibaba.nacos.client.auth.impl.NacosClientAuthServiceImpl success.
2025-06-08 23:26:28.970 [main] INFO  c.a.n.p.auth.spi.client.ClientAuthPluginManager - [ClientAuthPluginManager] Load ClientAuthService com.alibaba.nacos.client.auth.ram.RamClientAuthServiceImpl success.
2025-06-08 23:26:28.973 [main] INFO  c.a.n.client.auth.ram.identify.CredentialWatcher - null No credential found
2025-06-08 23:26:30.103 [main] WARN  com.alibaba.nacos.client.logging.NacosLogging - Load Logback Configuration of Nacos fail, message: Could not initialize Logback Nacos logging from classpath:nacos-logback.xml
2025-06-08 23:26:30.125 [main] INFO  c.a.n.client.config.impl.LocalConfigInfoProcessor - LOCAL_SNAPSHOT_PATH:C:\Users\Administrator\nacos\config
2025-06-08 23:26:30.129 [main] INFO  com.alibaba.nacos.common.remote.client - [RpcClientFactory] create a new rpc client of 7f38855a-1de3-4793-989a-a1c6aba8bac8_config-0
2025-06-08 23:26:30.148 [main] INFO  com.alibaba.nacos.common.remote.client - [7f38855a-1de3-4793-989a-a1c6aba8bac8_config-0] Register server push request handler:com.alibaba.nacos.client.config.impl.ClientWorker$ConfigRpcTransportClient$$Lambda/0x00000187814028f0
2025-06-08 23:26:30.148 [main] INFO  com.alibaba.nacos.common.remote.client - [7f38855a-1de3-4793-989a-a1c6aba8bac8_config-0] Register server push request handler:com.alibaba.nacos.client.config.impl.ClientWorker$ConfigRpcTransportClient$$Lambda/0x0000018781402d00
2025-06-08 23:26:30.149 [main] INFO  com.alibaba.nacos.common.remote.client - [7f38855a-1de3-4793-989a-a1c6aba8bac8_config-0] Registry connection listener to current client:com.alibaba.nacos.client.config.impl.ClientWorker$ConfigRpcTransportClient$1
2025-06-08 23:26:30.149 [main] INFO  com.alibaba.nacos.common.remote.client - [7f38855a-1de3-4793-989a-a1c6aba8bac8_config-0] RpcClient init, ServerListFactory = com.alibaba.nacos.client.config.impl.ClientWorker$ConfigRpcTransportClient$2
2025-06-08 23:26:30.156 [main] INFO  com.alibaba.nacos.common.remote.client - [7f38855a-1de3-4793-989a-a1c6aba8bac8_config-0] Try to connect to server on start up, server: {serverIp = '8.133.246.113', server main port = 8848}
2025-06-08 23:26:30.201 [main] INFO  c.a.nacos.common.remote.client.grpc.GrpcClient - grpc client connection server:8.133.246.113 ip,serverPort:9848,grpcTslConfig:{"sslProvider":"OPENSSL","enableTls":false,"mutualAuthEnable":false,"trustAll":false}
2025-06-08 23:26:31.284 [main] INFO  com.alibaba.nacos.common.remote.client - [7f38855a-1de3-4793-989a-a1c6aba8bac8_config-0] Success to connect to server [8.133.246.113:8848] on start up, connectionId = 1749396391060_139.227.195.166_38534
2025-06-08 23:26:31.285 [com.alibaba.nacos.client.remote.worker] INFO  com.alibaba.nacos.common.remote.client - [7f38855a-1de3-4793-989a-a1c6aba8bac8_config-0] Notify connected event to listeners.
2025-06-08 23:26:31.285 [com.alibaba.nacos.client.remote.worker] INFO  com.alibaba.nacos.client.config.impl.ClientWorker - [7f38855a-1de3-4793-989a-a1c6aba8bac8_config-0] Connected,notify listen context...
2025-06-08 23:26:31.285 [main] INFO  com.alibaba.nacos.common.remote.client - [7f38855a-1de3-4793-989a-a1c6aba8bac8_config-0] Register server push request handler:com.alibaba.nacos.common.remote.client.RpcClient$ConnectResetRequestHandler
2025-06-08 23:26:31.286 [main] INFO  com.alibaba.nacos.common.remote.client - [7f38855a-1de3-4793-989a-a1c6aba8bac8_config-0] Register server push request handler:com.alibaba.nacos.common.remote.client.RpcClient$$Lambda/0x0000018781555a70
2025-06-08 23:26:31.329 [main] INFO  com.alibaba.nacos.client.config.impl.Limiter - limitTime:5.0
2025-06-08 23:26:31.358 [main] WARN  c.a.cloud.nacos.client.NacosPropertySourceBuilder - Ignore the empty nacos configuration and get it based on dataId[common-dev.yaml] & group[DEFAULT_GROUP]
2025-06-08 23:26:31.369 [main] WARN  c.a.cloud.nacos.client.NacosPropertySourceBuilder - Ignore the empty nacos configuration and get it based on dataId[bgtech-ai] & group[DEFAULT_GROUP]
2025-06-08 23:26:31.386 [main] WARN  c.a.cloud.nacos.client.NacosPropertySourceBuilder - Ignore the empty nacos configuration and get it based on dataId[bgtech-ai.yaml] & group[DEFAULT_GROUP]
2025-06-08 23:26:31.407 [main] INFO  com.alibaba.nacos.client.config.utils.JvmUtil - isMultiInstance:false
2025-06-08 23:26:31.425 [main] INFO  o.s.c.b.c.PropertySourceBootstrapConfiguration - Located property source: [BootstrapPropertySource {name='bootstrapProperties-bgtech-ai-dev.yaml,DEFAULT_GROUP'}, BootstrapPropertySource {name='bootstrapProperties-bgtech-ai.yaml,DEFAULT_GROUP'}, BootstrapPropertySource {name='bootstrapProperties-bgtech-ai,DEFAULT_GROUP'}, BootstrapPropertySource {name='bootstrapProperties-common-dev.yaml,DEFAULT_GROUP'}]
2025-06-08 23:36:06.916 [main] WARN  com.alibaba.nacos.client.logging.NacosLogging - Load Logback Configuration of Nacos fail, message: Could not initialize Logback Nacos logging from classpath:nacos-logback.xml
2025-06-08 23:36:06.972 [main] WARN  com.alibaba.nacos.client.logging.NacosLogging - Load Logback Configuration of Nacos fail, message: Could not initialize Logback Nacos logging from classpath:nacos-logback.xml
2025-06-08 23:36:07.202 [main] WARN  com.alibaba.nacos.client.logging.NacosLogging - Load Logback Configuration of Nacos fail, message: Could not initialize Logback Nacos logging from classpath:nacos-logback.xml
2025-06-08 23:36:07.203 [main] INFO  com.alibaba.nacos.client.utils.ParamUtil - [settings] [req-serv] nacos-server port:8848
2025-06-08 23:36:07.204 [main] INFO  com.alibaba.nacos.client.utils.ParamUtil - [settings] [http-client] connect timeout:1000
2025-06-08 23:36:07.205 [main] INFO  com.alibaba.nacos.client.utils.ParamUtil - PER_TASK_CONFIG_SIZE: 3000.0
2025-06-08 23:36:07.232 [main] INFO  c.a.n.p.auth.spi.client.ClientAuthPluginManager - [ClientAuthPluginManager] Load ClientAuthService com.alibaba.nacos.client.auth.impl.NacosClientAuthServiceImpl success.
2025-06-08 23:36:07.232 [main] INFO  c.a.n.p.auth.spi.client.ClientAuthPluginManager - [ClientAuthPluginManager] Load ClientAuthService com.alibaba.nacos.client.auth.ram.RamClientAuthServiceImpl success.
2025-06-08 23:36:07.235 [main] INFO  c.a.n.client.auth.ram.identify.CredentialWatcher - null No credential found
2025-06-08 23:36:08.362 [main] WARN  com.alibaba.nacos.client.logging.NacosLogging - Load Logback Configuration of Nacos fail, message: Could not initialize Logback Nacos logging from classpath:nacos-logback.xml
2025-06-08 23:36:08.385 [main] INFO  c.a.n.client.config.impl.LocalConfigInfoProcessor - LOCAL_SNAPSHOT_PATH:C:\Users\Administrator\nacos\config
2025-06-08 23:36:08.389 [main] INFO  com.alibaba.nacos.common.remote.client - [RpcClientFactory] create a new rpc client of ee636700-f718-4d4f-a44c-ef42b3128b5f_config-0
2025-06-08 23:36:08.410 [main] INFO  com.alibaba.nacos.common.remote.client - [ee636700-f718-4d4f-a44c-ef42b3128b5f_config-0] Register server push request handler:com.alibaba.nacos.client.config.impl.ClientWorker$ConfigRpcTransportClient$$Lambda/0x0000028f014019d0
2025-06-08 23:36:08.411 [main] INFO  com.alibaba.nacos.common.remote.client - [ee636700-f718-4d4f-a44c-ef42b3128b5f_config-0] Register server push request handler:com.alibaba.nacos.client.config.impl.ClientWorker$ConfigRpcTransportClient$$Lambda/0x0000028f01401de0
2025-06-08 23:36:08.411 [main] INFO  com.alibaba.nacos.common.remote.client - [ee636700-f718-4d4f-a44c-ef42b3128b5f_config-0] Registry connection listener to current client:com.alibaba.nacos.client.config.impl.ClientWorker$ConfigRpcTransportClient$1
2025-06-08 23:36:08.412 [main] INFO  com.alibaba.nacos.common.remote.client - [ee636700-f718-4d4f-a44c-ef42b3128b5f_config-0] RpcClient init, ServerListFactory = com.alibaba.nacos.client.config.impl.ClientWorker$ConfigRpcTransportClient$2
2025-06-08 23:36:08.419 [main] INFO  com.alibaba.nacos.common.remote.client - [ee636700-f718-4d4f-a44c-ef42b3128b5f_config-0] Try to connect to server on start up, server: {serverIp = '8.133.246.113', server main port = 8848}
2025-06-08 23:36:08.453 [main] INFO  c.a.nacos.common.remote.client.grpc.GrpcClient - grpc client connection server:8.133.246.113 ip,serverPort:9848,grpcTslConfig:{"sslProvider":"OPENSSL","enableTls":false,"mutualAuthEnable":false,"trustAll":false}
2025-06-08 23:36:09.245 [main] INFO  com.alibaba.nacos.common.remote.client - [ee636700-f718-4d4f-a44c-ef42b3128b5f_config-0] Success to connect to server [8.133.246.113:8848] on start up, connectionId = 1749396969063_139.227.195.166_38265
2025-06-08 23:36:09.246 [com.alibaba.nacos.client.remote.worker] INFO  com.alibaba.nacos.common.remote.client - [ee636700-f718-4d4f-a44c-ef42b3128b5f_config-0] Notify connected event to listeners.
2025-06-08 23:36:09.246 [main] INFO  com.alibaba.nacos.common.remote.client - [ee636700-f718-4d4f-a44c-ef42b3128b5f_config-0] Register server push request handler:com.alibaba.nacos.common.remote.client.RpcClient$ConnectResetRequestHandler
2025-06-08 23:36:09.246 [com.alibaba.nacos.client.remote.worker] INFO  com.alibaba.nacos.client.config.impl.ClientWorker - [ee636700-f718-4d4f-a44c-ef42b3128b5f_config-0] Connected,notify listen context...
2025-06-08 23:36:09.247 [main] INFO  com.alibaba.nacos.common.remote.client - [ee636700-f718-4d4f-a44c-ef42b3128b5f_config-0] Register server push request handler:com.alibaba.nacos.common.remote.client.RpcClient$$Lambda/0x0000028f01554888
2025-06-08 23:36:09.287 [main] INFO  com.alibaba.nacos.client.config.impl.Limiter - limitTime:5.0
2025-06-08 23:36:09.395 [main] WARN  c.a.cloud.nacos.client.NacosPropertySourceBuilder - Ignore the empty nacos configuration and get it based on dataId[common-dev.yaml] & group[DEFAULT_GROUP]
2025-06-08 23:36:09.407 [main] WARN  c.a.cloud.nacos.client.NacosPropertySourceBuilder - Ignore the empty nacos configuration and get it based on dataId[bgtech-ai] & group[DEFAULT_GROUP]
2025-06-08 23:36:09.419 [main] WARN  c.a.cloud.nacos.client.NacosPropertySourceBuilder - Ignore the empty nacos configuration and get it based on dataId[bgtech-ai.yaml] & group[DEFAULT_GROUP]
2025-06-08 23:36:09.431 [main] INFO  com.alibaba.nacos.client.config.utils.JvmUtil - isMultiInstance:false
2025-06-08 23:36:09.446 [main] INFO  o.s.c.b.c.PropertySourceBootstrapConfiguration - Located property source: [BootstrapPropertySource {name='bootstrapProperties-bgtech-ai-dev.yaml,DEFAULT_GROUP'}, BootstrapPropertySource {name='bootstrapProperties-bgtech-ai.yaml,DEFAULT_GROUP'}, BootstrapPropertySource {name='bootstrapProperties-bgtech-ai,DEFAULT_GROUP'}, BootstrapPropertySource {name='bootstrapProperties-common-dev.yaml,DEFAULT_GROUP'}]
2025-06-08 23:41:16.120 [main] WARN  com.alibaba.nacos.client.logging.NacosLogging - Load Logback Configuration of Nacos fail, message: Could not initialize Logback Nacos logging from classpath:nacos-logback.xml
2025-06-08 23:41:16.190 [main] WARN  com.alibaba.nacos.client.logging.NacosLogging - Load Logback Configuration of Nacos fail, message: Could not initialize Logback Nacos logging from classpath:nacos-logback.xml
2025-06-08 23:41:16.486 [main] WARN  com.alibaba.nacos.client.logging.NacosLogging - Load Logback Configuration of Nacos fail, message: Could not initialize Logback Nacos logging from classpath:nacos-logback.xml
2025-06-08 23:41:16.489 [main] INFO  com.alibaba.nacos.client.utils.ParamUtil - [settings] [req-serv] nacos-server port:8848
2025-06-08 23:41:16.489 [main] INFO  com.alibaba.nacos.client.utils.ParamUtil - [settings] [http-client] connect timeout:1000
2025-06-08 23:41:16.491 [main] INFO  com.alibaba.nacos.client.utils.ParamUtil - PER_TASK_CONFIG_SIZE: 3000.0
2025-06-08 23:41:16.523 [main] INFO  c.a.n.p.auth.spi.client.ClientAuthPluginManager - [ClientAuthPluginManager] Load ClientAuthService com.alibaba.nacos.client.auth.impl.NacosClientAuthServiceImpl success.
2025-06-08 23:41:16.523 [main] INFO  c.a.n.p.auth.spi.client.ClientAuthPluginManager - [ClientAuthPluginManager] Load ClientAuthService com.alibaba.nacos.client.auth.ram.RamClientAuthServiceImpl success.
2025-06-08 23:41:16.526 [main] INFO  c.a.n.client.auth.ram.identify.CredentialWatcher - null No credential found
2025-06-08 23:41:17.719 [main] WARN  com.alibaba.nacos.client.logging.NacosLogging - Load Logback Configuration of Nacos fail, message: Could not initialize Logback Nacos logging from classpath:nacos-logback.xml
2025-06-08 23:41:17.743 [main] INFO  c.a.n.client.config.impl.LocalConfigInfoProcessor - LOCAL_SNAPSHOT_PATH:C:\Users\Administrator\nacos\config
2025-06-08 23:41:17.748 [main] INFO  com.alibaba.nacos.common.remote.client - [RpcClientFactory] create a new rpc client of 63f579f8-149b-47a6-b2ea-e992ed9d49b8_config-0
2025-06-08 23:41:17.769 [main] INFO  com.alibaba.nacos.common.remote.client - [63f579f8-149b-47a6-b2ea-e992ed9d49b8_config-0] Register server push request handler:com.alibaba.nacos.client.config.impl.ClientWorker$ConfigRpcTransportClient$$Lambda/0x00000201ad4025e0
2025-06-08 23:41:17.770 [main] INFO  com.alibaba.nacos.common.remote.client - [63f579f8-149b-47a6-b2ea-e992ed9d49b8_config-0] Register server push request handler:com.alibaba.nacos.client.config.impl.ClientWorker$ConfigRpcTransportClient$$Lambda/0x00000201ad4029f0
2025-06-08 23:41:17.770 [main] INFO  com.alibaba.nacos.common.remote.client - [63f579f8-149b-47a6-b2ea-e992ed9d49b8_config-0] Registry connection listener to current client:com.alibaba.nacos.client.config.impl.ClientWorker$ConfigRpcTransportClient$1
2025-06-08 23:41:17.771 [main] INFO  com.alibaba.nacos.common.remote.client - [63f579f8-149b-47a6-b2ea-e992ed9d49b8_config-0] RpcClient init, ServerListFactory = com.alibaba.nacos.client.config.impl.ClientWorker$ConfigRpcTransportClient$2
2025-06-08 23:41:17.779 [main] INFO  com.alibaba.nacos.common.remote.client - [63f579f8-149b-47a6-b2ea-e992ed9d49b8_config-0] Try to connect to server on start up, server: {serverIp = '8.133.246.113', server main port = 8848}
2025-06-08 23:41:17.819 [main] INFO  c.a.nacos.common.remote.client.grpc.GrpcClient - grpc client connection server:8.133.246.113 ip,serverPort:9848,grpcTslConfig:{"sslProvider":"OPENSSL","enableTls":false,"mutualAuthEnable":false,"trustAll":false}
2025-06-08 23:41:18.615 [main] INFO  com.alibaba.nacos.common.remote.client - [63f579f8-149b-47a6-b2ea-e992ed9d49b8_config-0] Success to connect to server [8.133.246.113:8848] on start up, connectionId = 1749397278425_139.227.195.166_39575
2025-06-08 23:41:18.616 [com.alibaba.nacos.client.remote.worker] INFO  com.alibaba.nacos.common.remote.client - [63f579f8-149b-47a6-b2ea-e992ed9d49b8_config-0] Notify connected event to listeners.
2025-06-08 23:41:18.616 [com.alibaba.nacos.client.remote.worker] INFO  com.alibaba.nacos.client.config.impl.ClientWorker - [63f579f8-149b-47a6-b2ea-e992ed9d49b8_config-0] Connected,notify listen context...
2025-06-08 23:41:18.616 [main] INFO  com.alibaba.nacos.common.remote.client - [63f579f8-149b-47a6-b2ea-e992ed9d49b8_config-0] Register server push request handler:com.alibaba.nacos.common.remote.client.RpcClient$ConnectResetRequestHandler
2025-06-08 23:41:18.617 [main] INFO  com.alibaba.nacos.common.remote.client - [63f579f8-149b-47a6-b2ea-e992ed9d49b8_config-0] Register server push request handler:com.alibaba.nacos.common.remote.client.RpcClient$$Lambda/0x00000201ad5555c8
2025-06-08 23:41:18.661 [main] INFO  com.alibaba.nacos.client.config.impl.Limiter - limitTime:5.0
2025-06-08 23:41:18.686 [main] WARN  c.a.cloud.nacos.client.NacosPropertySourceBuilder - Ignore the empty nacos configuration and get it based on dataId[common-dev.yaml] & group[DEFAULT_GROUP]
2025-06-08 23:41:18.697 [main] WARN  c.a.cloud.nacos.client.NacosPropertySourceBuilder - Ignore the empty nacos configuration and get it based on dataId[bgtech-ai] & group[DEFAULT_GROUP]
2025-06-08 23:41:18.706 [main] WARN  c.a.cloud.nacos.client.NacosPropertySourceBuilder - Ignore the empty nacos configuration and get it based on dataId[bgtech-ai.yaml] & group[DEFAULT_GROUP]
2025-06-08 23:41:18.719 [main] INFO  com.alibaba.nacos.client.config.utils.JvmUtil - isMultiInstance:false
2025-06-08 23:41:18.734 [main] INFO  o.s.c.b.c.PropertySourceBootstrapConfiguration - Located property source: [BootstrapPropertySource {name='bootstrapProperties-bgtech-ai-dev.yaml,DEFAULT_GROUP'}, BootstrapPropertySource {name='bootstrapProperties-bgtech-ai.yaml,DEFAULT_GROUP'}, BootstrapPropertySource {name='bootstrapProperties-bgtech-ai,DEFAULT_GROUP'}, BootstrapPropertySource {name='bootstrapProperties-common-dev.yaml,DEFAULT_GROUP'}]
2025-06-08 23:45:32.124 [main] WARN  com.alibaba.nacos.client.logging.NacosLogging - Load Logback Configuration of Nacos fail, message: Could not initialize Logback Nacos logging from classpath:nacos-logback.xml
2025-06-08 23:45:32.188 [main] WARN  com.alibaba.nacos.client.logging.NacosLogging - Load Logback Configuration of Nacos fail, message: Could not initialize Logback Nacos logging from classpath:nacos-logback.xml
2025-06-08 23:45:32.428 [main] WARN  com.alibaba.nacos.client.logging.NacosLogging - Load Logback Configuration of Nacos fail, message: Could not initialize Logback Nacos logging from classpath:nacos-logback.xml
2025-06-08 23:45:32.430 [main] INFO  com.alibaba.nacos.client.utils.ParamUtil - [settings] [req-serv] nacos-server port:8848
2025-06-08 23:45:32.430 [main] INFO  com.alibaba.nacos.client.utils.ParamUtil - [settings] [http-client] connect timeout:1000
2025-06-08 23:45:32.431 [main] INFO  com.alibaba.nacos.client.utils.ParamUtil - PER_TASK_CONFIG_SIZE: 3000.0
2025-06-08 23:45:32.461 [main] INFO  c.a.n.p.auth.spi.client.ClientAuthPluginManager - [ClientAuthPluginManager] Load ClientAuthService com.alibaba.nacos.client.auth.impl.NacosClientAuthServiceImpl success.
2025-06-08 23:45:32.462 [main] INFO  c.a.n.p.auth.spi.client.ClientAuthPluginManager - [ClientAuthPluginManager] Load ClientAuthService com.alibaba.nacos.client.auth.ram.RamClientAuthServiceImpl success.
2025-06-08 23:45:32.465 [main] INFO  c.a.n.client.auth.ram.identify.CredentialWatcher - null No credential found
2025-06-08 23:45:33.622 [main] WARN  com.alibaba.nacos.client.logging.NacosLogging - Load Logback Configuration of Nacos fail, message: Could not initialize Logback Nacos logging from classpath:nacos-logback.xml
2025-06-08 23:45:33.644 [main] INFO  c.a.n.client.config.impl.LocalConfigInfoProcessor - LOCAL_SNAPSHOT_PATH:C:\Users\Administrator\nacos\config
2025-06-08 23:45:33.648 [main] INFO  com.alibaba.nacos.common.remote.client - [RpcClientFactory] create a new rpc client of a064fa20-d50a-43d8-be0b-3868333bdd41_config-0
2025-06-08 23:45:33.666 [main] INFO  com.alibaba.nacos.common.remote.client - [a064fa20-d50a-43d8-be0b-3868333bdd41_config-0] Register server push request handler:com.alibaba.nacos.client.config.impl.ClientWorker$ConfigRpcTransportClient$$Lambda/0x0000022b44400d98
2025-06-08 23:45:33.666 [main] INFO  com.alibaba.nacos.common.remote.client - [a064fa20-d50a-43d8-be0b-3868333bdd41_config-0] Register server push request handler:com.alibaba.nacos.client.config.impl.ClientWorker$ConfigRpcTransportClient$$Lambda/0x0000022b444011a8
2025-06-08 23:45:33.667 [main] INFO  com.alibaba.nacos.common.remote.client - [a064fa20-d50a-43d8-be0b-3868333bdd41_config-0] Registry connection listener to current client:com.alibaba.nacos.client.config.impl.ClientWorker$ConfigRpcTransportClient$1
2025-06-08 23:45:33.668 [main] INFO  com.alibaba.nacos.common.remote.client - [a064fa20-d50a-43d8-be0b-3868333bdd41_config-0] RpcClient init, ServerListFactory = com.alibaba.nacos.client.config.impl.ClientWorker$ConfigRpcTransportClient$2
2025-06-08 23:45:33.674 [main] INFO  com.alibaba.nacos.common.remote.client - [a064fa20-d50a-43d8-be0b-3868333bdd41_config-0] Try to connect to server on start up, server: {serverIp = '8.133.246.113', server main port = 8848}
2025-06-08 23:45:33.707 [main] INFO  c.a.nacos.common.remote.client.grpc.GrpcClient - grpc client connection server:8.133.246.113 ip,serverPort:9848,grpcTslConfig:{"sslProvider":"OPENSSL","enableTls":false,"mutualAuthEnable":false,"trustAll":false}
2025-06-08 23:45:34.472 [main] INFO  com.alibaba.nacos.common.remote.client - [a064fa20-d50a-43d8-be0b-3868333bdd41_config-0] Success to connect to server [8.133.246.113:8848] on start up, connectionId = 1749397534304_139.227.195.166_38194
2025-06-08 23:45:34.473 [com.alibaba.nacos.client.remote.worker] INFO  com.alibaba.nacos.common.remote.client - [a064fa20-d50a-43d8-be0b-3868333bdd41_config-0] Notify connected event to listeners.
2025-06-08 23:45:34.473 [main] INFO  com.alibaba.nacos.common.remote.client - [a064fa20-d50a-43d8-be0b-3868333bdd41_config-0] Register server push request handler:com.alibaba.nacos.common.remote.client.RpcClient$ConnectResetRequestHandler
2025-06-08 23:45:34.473 [com.alibaba.nacos.client.remote.worker] INFO  com.alibaba.nacos.client.config.impl.ClientWorker - [a064fa20-d50a-43d8-be0b-3868333bdd41_config-0] Connected,notify listen context...
2025-06-08 23:45:34.474 [main] INFO  com.alibaba.nacos.common.remote.client - [a064fa20-d50a-43d8-be0b-3868333bdd41_config-0] Register server push request handler:com.alibaba.nacos.common.remote.client.RpcClient$$Lambda/0x0000022b44553f28
2025-06-08 23:45:34.517 [main] INFO  com.alibaba.nacos.client.config.impl.Limiter - limitTime:5.0
2025-06-08 23:45:34.539 [main] WARN  c.a.cloud.nacos.client.NacosPropertySourceBuilder - Ignore the empty nacos configuration and get it based on dataId[common-dev.yaml] & group[DEFAULT_GROUP]
2025-06-08 23:45:34.551 [main] WARN  c.a.cloud.nacos.client.NacosPropertySourceBuilder - Ignore the empty nacos configuration and get it based on dataId[bgtech-ai] & group[DEFAULT_GROUP]
2025-06-08 23:45:34.562 [main] WARN  c.a.cloud.nacos.client.NacosPropertySourceBuilder - Ignore the empty nacos configuration and get it based on dataId[bgtech-ai.yaml] & group[DEFAULT_GROUP]
2025-06-08 23:45:34.574 [main] INFO  com.alibaba.nacos.client.config.utils.JvmUtil - isMultiInstance:false
2025-06-08 23:45:34.589 [main] INFO  o.s.c.b.c.PropertySourceBootstrapConfiguration - Located property source: [BootstrapPropertySource {name='bootstrapProperties-bgtech-ai-dev.yaml,DEFAULT_GROUP'}, BootstrapPropertySource {name='bootstrapProperties-bgtech-ai.yaml,DEFAULT_GROUP'}, BootstrapPropertySource {name='bootstrapProperties-bgtech-ai,DEFAULT_GROUP'}, BootstrapPropertySource {name='bootstrapProperties-common-dev.yaml,DEFAULT_GROUP'}]
2025-06-08 23:52:59.471 [main] WARN  com.alibaba.nacos.client.logging.NacosLogging - Load Logback Configuration of Nacos fail, message: Could not initialize Logback Nacos logging from classpath:nacos-logback.xml
2025-06-08 23:52:59.535 [main] WARN  com.alibaba.nacos.client.logging.NacosLogging - Load Logback Configuration of Nacos fail, message: Could not initialize Logback Nacos logging from classpath:nacos-logback.xml
2025-06-08 23:52:59.787 [main] WARN  com.alibaba.nacos.client.logging.NacosLogging - Load Logback Configuration of Nacos fail, message: Could not initialize Logback Nacos logging from classpath:nacos-logback.xml
2025-06-08 23:52:59.790 [main] INFO  com.alibaba.nacos.client.utils.ParamUtil - [settings] [req-serv] nacos-server port:8848
2025-06-08 23:52:59.791 [main] INFO  com.alibaba.nacos.client.utils.ParamUtil - [settings] [http-client] connect timeout:1000
2025-06-08 23:52:59.795 [main] INFO  com.alibaba.nacos.client.utils.ParamUtil - PER_TASK_CONFIG_SIZE: 3000.0
2025-06-08 23:52:59.840 [main] INFO  c.a.n.p.auth.spi.client.ClientAuthPluginManager - [ClientAuthPluginManager] Load ClientAuthService com.alibaba.nacos.client.auth.impl.NacosClientAuthServiceImpl success.
2025-06-08 23:52:59.840 [main] INFO  c.a.n.p.auth.spi.client.ClientAuthPluginManager - [ClientAuthPluginManager] Load ClientAuthService com.alibaba.nacos.client.auth.ram.RamClientAuthServiceImpl success.
2025-06-08 23:52:59.845 [main] INFO  c.a.n.client.auth.ram.identify.CredentialWatcher - null No credential found
2025-06-08 23:53:01.061 [main] WARN  com.alibaba.nacos.client.logging.NacosLogging - Load Logback Configuration of Nacos fail, message: Could not initialize Logback Nacos logging from classpath:nacos-logback.xml
2025-06-08 23:53:01.085 [main] INFO  c.a.n.client.config.impl.LocalConfigInfoProcessor - LOCAL_SNAPSHOT_PATH:C:\Users\Administrator\nacos\config
2025-06-08 23:53:01.089 [main] INFO  com.alibaba.nacos.common.remote.client - [RpcClientFactory] create a new rpc client of 18164a59-8cdd-48a9-87f2-f1042db19c30_config-0
2025-06-08 23:53:01.109 [main] INFO  com.alibaba.nacos.common.remote.client - [18164a59-8cdd-48a9-87f2-f1042db19c30_config-0] Register server push request handler:com.alibaba.nacos.client.config.impl.ClientWorker$ConfigRpcTransportClient$$Lambda/0x000002464d403848
2025-06-08 23:53:01.109 [main] INFO  com.alibaba.nacos.common.remote.client - [18164a59-8cdd-48a9-87f2-f1042db19c30_config-0] Register server push request handler:com.alibaba.nacos.client.config.impl.ClientWorker$ConfigRpcTransportClient$$Lambda/0x000002464d403c58
2025-06-08 23:53:01.109 [main] INFO  com.alibaba.nacos.common.remote.client - [18164a59-8cdd-48a9-87f2-f1042db19c30_config-0] Registry connection listener to current client:com.alibaba.nacos.client.config.impl.ClientWorker$ConfigRpcTransportClient$1
2025-06-08 23:53:01.110 [main] INFO  com.alibaba.nacos.common.remote.client - [18164a59-8cdd-48a9-87f2-f1042db19c30_config-0] RpcClient init, ServerListFactory = com.alibaba.nacos.client.config.impl.ClientWorker$ConfigRpcTransportClient$2
2025-06-08 23:53:01.118 [main] INFO  com.alibaba.nacos.common.remote.client - [18164a59-8cdd-48a9-87f2-f1042db19c30_config-0] Try to connect to server on start up, server: {serverIp = '8.133.246.113', server main port = 8848}
2025-06-08 23:53:01.153 [main] INFO  c.a.nacos.common.remote.client.grpc.GrpcClient - grpc client connection server:8.133.246.113 ip,serverPort:9848,grpcTslConfig:{"sslProvider":"OPENSSL","enableTls":false,"mutualAuthEnable":false,"trustAll":false}
2025-06-08 23:53:01.961 [main] INFO  com.alibaba.nacos.common.remote.client - [18164a59-8cdd-48a9-87f2-f1042db19c30_config-0] Success to connect to server [8.133.246.113:8848] on start up, connectionId = 1749397981789_139.227.195.166_38501
2025-06-08 23:53:01.962 [com.alibaba.nacos.client.remote.worker] INFO  com.alibaba.nacos.common.remote.client - [18164a59-8cdd-48a9-87f2-f1042db19c30_config-0] Notify connected event to listeners.
2025-06-08 23:53:01.962 [com.alibaba.nacos.client.remote.worker] INFO  com.alibaba.nacos.client.config.impl.ClientWorker - [18164a59-8cdd-48a9-87f2-f1042db19c30_config-0] Connected,notify listen context...
2025-06-08 23:53:01.962 [main] INFO  com.alibaba.nacos.common.remote.client - [18164a59-8cdd-48a9-87f2-f1042db19c30_config-0] Register server push request handler:com.alibaba.nacos.common.remote.client.RpcClient$ConnectResetRequestHandler
2025-06-08 23:53:01.963 [main] INFO  com.alibaba.nacos.common.remote.client - [18164a59-8cdd-48a9-87f2-f1042db19c30_config-0] Register server push request handler:com.alibaba.nacos.common.remote.client.RpcClient$$Lambda/0x000002464d556b70
2025-06-08 23:53:02.007 [main] INFO  com.alibaba.nacos.client.config.impl.Limiter - limitTime:5.0
2025-06-08 23:53:02.029 [main] WARN  c.a.cloud.nacos.client.NacosPropertySourceBuilder - Ignore the empty nacos configuration and get it based on dataId[common-dev.yaml] & group[DEFAULT_GROUP]
2025-06-08 23:53:02.052 [main] WARN  c.a.cloud.nacos.client.NacosPropertySourceBuilder - Ignore the empty nacos configuration and get it based on dataId[bgtech-ai] & group[DEFAULT_GROUP]
2025-06-08 23:53:02.061 [main] WARN  c.a.cloud.nacos.client.NacosPropertySourceBuilder - Ignore the empty nacos configuration and get it based on dataId[bgtech-ai.yaml] & group[DEFAULT_GROUP]
2025-06-08 23:53:02.075 [main] INFO  com.alibaba.nacos.client.config.utils.JvmUtil - isMultiInstance:false
2025-06-08 23:53:02.100 [main] INFO  o.s.c.b.c.PropertySourceBootstrapConfiguration - Located property source: [BootstrapPropertySource {name='bootstrapProperties-bgtech-ai-dev.yaml,DEFAULT_GROUP'}, BootstrapPropertySource {name='bootstrapProperties-bgtech-ai.yaml,DEFAULT_GROUP'}, BootstrapPropertySource {name='bootstrapProperties-bgtech-ai,DEFAULT_GROUP'}, BootstrapPropertySource {name='bootstrapProperties-common-dev.yaml,DEFAULT_GROUP'}]
